Component: Arm Compiler for Embedded 6.19 Tool: armlink [5e73cb00]

==============================================================================

Section Cross References

    startup_stm32l151xb.o(STACK) refers (Special) to heapauxi.o(.text) for __use_two_region_memory
    startup_stm32l151xb.o(HEAP) refers (Special) to heapauxi.o(.text) for __use_two_region_memory
    startup_stm32l151xb.o(RESET) refers (Special) to heapauxi.o(.text) for __use_two_region_memory
    startup_stm32l151xb.o(RESET) refers to startup_stm32l151xb.o(STACK) for __initial_sp
    startup_stm32l151xb.o(RESET) refers to startup_stm32l151xb.o(.text) for Reset_Handler
    startup_stm32l151xb.o(RESET) refers to stm32l1xx_it.o(.text.NMI_Handler) for NMI_Handler
    startup_stm32l151xb.o(RESET) refers to stm32l1xx_it.o(.text.HardFault_Handler) for HardFault_Handler
    startup_stm32l151xb.o(RESET) refers to stm32l1xx_it.o(.text.MemManage_Handler) for MemManage_Handler
    startup_stm32l151xb.o(RESET) refers to stm32l1xx_it.o(.text.BusFault_Handler) for BusFault_Handler
    startup_stm32l151xb.o(RESET) refers to stm32l1xx_it.o(.text.UsageFault_Handler) for UsageFault_Handler
    startup_stm32l151xb.o(RESET) refers to stm32l1xx_it.o(.text.SVC_Handler) for SVC_Handler
    startup_stm32l151xb.o(RESET) refers to stm32l1xx_it.o(.text.DebugMon_Handler) for DebugMon_Handler
    startup_stm32l151xb.o(RESET) refers to stm32l1xx_it.o(.text.PendSV_Handler) for PendSV_Handler
    startup_stm32l151xb.o(RESET) refers to stm32l1xx_it.o(.text.SysTick_Handler) for SysTick_Handler
    startup_stm32l151xb.o(RESET) refers to stm32l1xx_it.o(.text.USB_LP_IRQHandler) for USB_LP_IRQHandler
    startup_stm32l151xb.o(RESET) refers to stm32l1xx_it.o(.text.USART3_IRQHandler) for USART3_IRQHandler
    startup_stm32l151xb.o(.text) refers (Special) to heapauxi.o(.text) for __use_two_region_memory
    startup_stm32l151xb.o(.text) refers to system_stm32l1xx.o(.text.SystemInit) for SystemInit
    startup_stm32l151xb.o(.text) refers to __main.o(!!!main) for __main
    startup_stm32l151xb.o(.text) refers to startup_stm32l151xb.o(HEAP) for Heap_Mem
    startup_stm32l151xb.o(.text) refers to startup_stm32l151xb.o(STACK) for Stack_Mem
    main.o(.text.SIM_Transmit) refers to stm32l1xx_hal.o(.text.HAL_GetTick) for HAL_GetTick
    main.o(.text.SIM_Transmit) refers to main.o(.bss..L_MergedGlobals) for .L_MergedGlobals
    main.o(.text.SIM_Transmit) refers to main.o(.bss.RxBuff) for RxBuff
    main.o(.text.SIM_Transmit) refers to rt_memclr_w.o(.text) for __aeabi_memclr4
    main.o(.text.SIM_Transmit) refers to strlen.o(.text) for strlen
    main.o(.text.SIM_Transmit) refers to stm32l1xx_hal_uart.o(.text.HAL_UART_Transmit) for HAL_UART_Transmit
    main.o(.text.SIM_Transmit) refers to stm32l1xx_hal_uart.o(.text.HAL_UART_Receive) for HAL_UART_Receive
    main.o(.text.SIM_Transmit) refers to strstr.o(.text) for strstr
    main.o(.text.SIM_Transmit) refers to stm32l1xx_hal.o(.text.HAL_Delay) for HAL_Delay
    main.o(.text.SIM_Transmit) refers to usbd_cdc_if.o(.text.CDC_Transmit_FS) for CDC_Transmit_FS
    main.o(.ARM.exidx.text.SIM_Transmit) refers to main.o(.text.SIM_Transmit) for [Anonymous Symbol]
    main.o(.text.Turn_SIM_On) refers to stm32l1xx_hal_gpio.o(.text.HAL_GPIO_WritePin) for HAL_GPIO_WritePin
    main.o(.text.Turn_SIM_On) refers to stm32l1xx_hal.o(.text.HAL_Delay) for HAL_Delay
    main.o(.ARM.exidx.text.Turn_SIM_On) refers to main.o(.text.Turn_SIM_On) for [Anonymous Symbol]
    main.o(.text.main) refers to stm32l1xx_hal.o(.text.HAL_Init) for HAL_Init
    main.o(.text.main) refers to main.o(.text.SystemClock_Config) for SystemClock_Config
    main.o(.text.main) refers to stm32l1xx_hal_gpio.o(.text.HAL_GPIO_WritePin) for HAL_GPIO_WritePin
    main.o(.text.main) refers to stm32l1xx_hal_gpio.o(.text.HAL_GPIO_Init) for HAL_GPIO_Init
    main.o(.text.main) refers to usb_device.o(.text.MX_USB_DEVICE_Init) for MX_USB_DEVICE_Init
    main.o(.text.main) refers to main.o(.bss..L_MergedGlobals) for .L_MergedGlobals
    main.o(.text.main) refers to stm32l1xx_hal_uart.o(.text.HAL_UART_Init) for HAL_UART_Init
    main.o(.text.main) refers to stm32l1xx_hal_rtc.o(.text.HAL_RTC_Init) for HAL_RTC_Init
    main.o(.text.main) refers to stm32l1xx_hal_rtc.o(.text.HAL_RTC_SetTime) for HAL_RTC_SetTime
    main.o(.text.main) refers to stm32l1xx_hal_rtc.o(.text.HAL_RTC_SetDate) for HAL_RTC_SetDate
    main.o(.text.main) refers to stm32l1xx_hal_rtc_ex.o(.text.HAL_RTCEx_SetWakeUpTimer) for HAL_RTCEx_SetWakeUpTimer
    main.o(.text.main) refers to main.o(.rodata.str1.1) for .L.str.1
    main.o(.text.main) refers to main.o(.text.SIM_Transmit) for SIM_Transmit
    main.o(.text.main) refers to stm32l1xx_hal.o(.text.HAL_Delay) for HAL_Delay
    main.o(.ARM.exidx.text.main) refers to main.o(.text.main) for [Anonymous Symbol]
    main.o(.text.SystemClock_Config) refers to stm32l1xx_hal_rcc.o(.text.HAL_RCC_OscConfig) for HAL_RCC_OscConfig
[...]
    .text                                    0x08000400   Section        0  exit.o(.text)
    .text                                    0x08000414   Section        8  libspace.o(.text)
    .text                                    0x0800041c   Section        0  sys_exit.o(.text)
    .text                                    0x08000428   Section        2  use_no_semi.o(.text)
    .text                                    0x0800042a   Section        0  indicate_semi.o(.text)
    [Anonymous Symbol]                       0x0800042c   Section        0  stm32l1xx_it.o(.text.BusFault_Handler)
    CDC_Control_FS                           0x08000431   Thumb Code     4  usbd_cdc_if.o(.text.CDC_Control_FS)
    [Anonymous Symbol]                       0x08000430   Section        0  usbd_cdc_if.o(.text.CDC_Control_FS)
    CDC_DeInit_FS                            0x08000435   Thumb Code     4  usbd_cdc_if.o(.text.CDC_DeInit_FS)
    [Anonymous Symbol]                       0x08000434   Section        0  usbd_cdc_if.o(.text.CDC_DeInit_FS)
    CDC_Init_FS                              0x08000439   Thumb Code    44  usbd_cdc_if.o(.text.CDC_Init_FS)
    [Anonymous Symbol]                       0x08000438   Section        0  usbd_cdc_if.o(.text.CDC_Init_FS)
    CDC_Receive_FS                           0x08000465   Thumb Code    96  usbd_cdc_if.o(.text.CDC_Receive_FS)
    [Anonymous Symbol]                       0x08000464   Section        0  usbd_cdc_if.o(.text.CDC_Receive_FS)
    [Anonymous Symbol]                       0x080004c4   Section        0  usbd_cdc_if.o(.text.CDC_Transmit_FS)
    [Anonymous Symbol]                       0x080004fc   Section        0  stm32l1xx_it.o(.text.DebugMon_Handler)
    [Anonymous Symbol]                       0x08000500   Section        0  main.o(.text.Error_Handler)
    [Anonymous Symbol]                       0x0800050c   Section        0  stm32l1xx_hal_dma.o(.text.HAL_DMA_Abort)
    [Anonymous Symbol]                       0x08000558   Section        0  stm32l1xx_hal_dma.o(.text.HAL_DMA_Abort_IT)
    [Anonymous Symbol]                       0x080005b0   Section        0  stm32l1xx_hal.o(.text.HAL_Delay)
    [Anonymous Symbol]                       0x080005d8   Section        0  stm32l1xx_hal_gpio.o(.text.HAL_GPIO_Init)
    [Anonymous Symbol]                       0x0800077c   Section        0  stm32l1xx_hal_gpio.o(.text.HAL_GPIO_WritePin)
    [Anonymous Symbol]                       0x08000788   Section        0  stm32l1xx_hal.o(.text.HAL_GetTick)
    [Anonymous Symbol]                       0x08000794   Section        0  stm32l1xx_hal.o(.text.HAL_IncTick)
    [Anonymous Symbol]                       0x080007b0   Section        0  stm32l1xx_hal.o(.text.HAL_Init)
    [Anonymous Symbol]                       0x080007d0   Section        0  stm32l1xx_hal.o(.text.HAL_InitTick)
    [Anonymous Symbol]                       0x0800081c   Section        0  stm32l1xx_hal_msp.o(.text.HAL_MspInit)
    [Anonymous Symbol]                       0x08000868   Section        0  stm32l1xx_hal_cortex.o(.text.HAL_NVIC_EnableIRQ)
    [Anonymous Symbol]                       0x08000890   Section        0  stm32l1xx_hal_cortex.o(.text.HAL_NVIC_SetPriority)
    [Anonymous Symbol]                       0x080008e8   Section        0  stm32l1xx_hal_cortex.o(.text.HAL_NVIC_SetPriorityGrouping)
    [Anonymous Symbol]                       0x08000908   Section        0  stm32l1xx_hal_pcd_ex.o(.text.HAL_PCDEx_PMAConfig)
    [Anonymous Symbol]                       0x08000944   Section        0  usbd_conf.o(.text.HAL_PCDEx_SetConnectionState)
    [Anonymous Symbol]                       0x0800095c   Section        0  usbd_conf.o(.text.HAL_PCD_DataInStageCallback)
    [Anonymous Symbol]                       0x08000970   Section        0  usbd_conf.o(.text.HAL_PCD_DataOutStageCallback)
    [Anonymous Symbol]                       0x08000988   Section        0  stm32l1xx_hal_pcd.o(.text.HAL_PCD_EP_Close)
    [Anonymous Symbol]                       0x080009d8   Section        0  stm32l1xx_hal_pcd.o(.text.HAL_PCD_EP_ClrStall)
    [Anonymous Symbol]                       0x08000a3c   Section        0  stm32l1xx_hal_pcd.o(.text.HAL_PCD_EP_GetRxCount)
    [Anonymous Symbol]                       0x08000a50   Section        0  stm32l1xx_hal_pcd.o(.text.HAL_PCD_EP_Open)
    [Anonymous Symbol]                       0x08000ab0   Section        0  stm32l1xx_hal_pcd.o(.text.HAL_PCD_EP_Receive)
    [Anonymous Symbol]                       0x08000ae4   Section        0  stm32l1xx_hal_pcd.o(.text.HAL_PCD_EP_SetStall)
    [Anonymous Symbol]                       0x08000b4c   Section        0  stm32l1xx_hal_pcd.o(.text.HAL_PCD_EP_Transmit)
    [Anonymous Symbol]                       0x08000b84   Section        0  stm32l1xx_hal_pcd.o(.text.HAL_PCD_IRQHandler)
    [Anonymous Symbol]                       0x080014ac   Section        0  stm32l1xx_hal_pcd.o(.text.HAL_PCD_Init)
    [Anonymous Symbol]                       0x08001560   Section        0  usbd_conf.o(.text.HAL_PCD_MspInit)
    [Anonymous Symbol]                       0x080015a8   Section        0  usbd_conf.o(.text.HAL_PCD_ResetCallback)
    [Anonymous Symbol]                       0x080015cc   Section        0  usbd_conf.o(.text.HAL_PCD_ResumeCallback)
    [Anonymous Symbol]                       0x080015d4   Section        0  usbd_conf.o(.text.HAL_PCD_SOFCallback)
    [Anonymous Symbol]                       0x080015dc   Section        0  stm32l1xx_hal_pcd.o(.text.HAL_PCD_SetAddress)
    [Anonymous Symbol]                       0x08001604   Section        0  usbd_conf.o(.text.HAL_PCD_SetupStageCallback)
    [Anonymous Symbol]                       0x08001614   Section        0  stm32l1xx_hal_pcd.o(.text.HAL_PCD_Start)
    [Anonymous Symbol]                       0x08001648   Section        0  usbd_conf.o(.text.HAL_PCD_SuspendCallback)
    [Anonymous Symbol]                       0x08001670   Section        0  stm32l1xx_hal_rcc_ex.o(.text.HAL_RCCEx_PeriphCLKConfig)
    [Anonymous Symbol]                       0x08001794   Section        0  stm32l1xx_hal_rcc.o(.text.HAL_RCC_ClockConfig)
    [Anonymous Symbol]                       0x080019c8   Section        0  stm32l1xx_hal_rcc.o(.text.HAL_RCC_GetPCLK1Freq)
    [Anonymous Symbol]                       0x080019f0   Section        0  stm32l1xx_hal_rcc.o(.text.HAL_RCC_GetPCLK2Freq)
    [Anonymous Symbol]                       0x08001a18   Section        0  stm32l1xx_hal_rcc.o(.text.HAL_RCC_OscConfig)
    [Anonymous Symbol]                       0x08001f88   Section        0  stm32l1xx_hal_rtc_ex.o(.text.HAL_RTCEx_SetWakeUpTimer)
    [Anonymous Symbol]                       0x08002034   Section        0  stm32l1xx_hal_rtc.o(.text.HAL_RTC_Init)
    [Anonymous Symbol]                       0x08002120   Section        0  stm32l1xx_hal_msp.o(.text.HAL_RTC_MspInit)
    [Anonymous Symbol]                       0x08002140   Section        0  stm32l1xx_hal_rtc.o(.text.HAL_RTC_SetDate)
    [Anonymous Symbol]                       0x08002290   Section        0  stm32l1xx_hal_rtc.o(.text.HAL_RTC_SetTime)
    [Anonymous Symbol]                       0x08002424   Section        0  stm32l1xx_hal_cortex.o(.text.HAL_SYSTICK_Config)
    [Anonymous Symbol]                       0x08002450   Section        0  stm32l1xx_hal_uart.o(.text.HAL_UARTEx_RxEventCallback)
    [Anonymous Symbol]                       0x08002454   Section        0  stm32l1xx_hal_uart.o(.text.HAL_UART_ErrorCallback)
    [Anonymous Symbol]                       0x08002458   Section        0  stm32l1xx_hal_uart.o(.text.HAL_UART_IRQHandler)
    [Anonymous Symbol]                       0x080029b8   Section        0  stm32l1xx_hal_uart.o(.text.HAL_UART_Init)
    [Anonymous Symbol]                       0x08002a18   Section        0  stm32l1xx_hal_msp.o(.text.HAL_UART_MspInit)
    [Anonymous Symbol]                       0x08002a90   Section        0  stm32l1xx_hal_uart.o(.text.HAL_UART_Receive)
    [Anonymous Symbol]                       0x08002c40   Section        0  stm32l1xx_hal_uart.o(.text.HAL_UART_RxCpltCallback)
    [Anonymous Symbol]                       0x08002c44   Section        0  stm32l1xx_hal_uart.o(.text.HAL_UART_Transmit)
    [Anonymous Symbol]                       0x08002ebc   Section        0  stm32l1xx_hal_uart.o(.text.HAL_UART_TxCpltCallback)
    [Anonymous Symbol]                       0x08002ec0   Section        0  stm32l1xx_it.o(.text.HardFault_Handler)
    [Anonymous Symbol]                       0x08002ec4   Section        0  usb_device.o(.text.MX_USB_DEVICE_Init)
    [Anonymous Symbol]                       0x08002f38   Section        0  stm32l1xx_it.o(.text.MemManage_Handler)
    [Anonymous Symbol]                       0x08002f3c   Section        0  stm32l1xx_it.o(.text.NMI_Handler)
    [Anonymous Symbol]                       0x08002f40   Section        0  stm32l1xx_it.o(.text.PendSV_Handler)
    [Anonymous Symbol]                       0x08002f44   Section        0  main.o(.text.SIM_Transmit)
    [Anonymous Symbol]                       0x08002fe0   Section        0  stm32l1xx_it.o(.text.SVC_Handler)
    [Anonymous Symbol]                       0x08002fe4   Section        0  stm32l1xx_it.o(.text.SysTick_Handler)
    [Anonymous Symbol]                       0x08002fe8   Section        0  main.o(.text.SystemClock_Config)
    [Anonymous Symbol]                       0x08003088   Section        0  system_stm32l1xx.o(.text.SystemInit)
    UART_DMAAbortOnError                     0x0800308d   Thumb Code    12  stm32l1xx_hal_uart.o(.text.UART_DMAAbortOnError)
    [Anonymous Symbol]                       0x0800308c   Section        0  stm32l1xx_hal_uart.o(.text.UART_DMAAbortOnError)
    UART_Receive_IT                          0x08003099   Thumb Code   254  stm32l1xx_hal_uart.o(.text.UART_Receive_IT)
    [Anonymous Symbol]                       0x08003098   Section        0  stm32l1xx_hal_uart.o(.text.UART_Receive_IT)
    UART_SetConfig                           0x08003199   Thumb Code   232  stm32l1xx_hal_uart.o(.text.UART_SetConfig)
    [Anonymous Symbol]                       0x08003198   Section        0  stm32l1xx_hal_uart.o(.text.UART_SetConfig)
    [Anonymous Symbol]                       0x08003280   Section        0  stm32l1xx_it.o(.text.USART3_IRQHandler)
    USBD_CDC_DataIn                          0x0800328d   Thumb Code    80  usbd_cdc.o(.text.USBD_CDC_DataIn)
    [Anonymous Symbol]                       0x0800328c   Section        0  usbd_cdc.o(.text.USBD_CDC_DataIn)
    USBD_CDC_DataOut                         0x080032dd   Thumb Code    46  usbd_cdc.o(.text.USBD_CDC_DataOut)
    [Anonymous Symbol]                       0x080032dc   Section        0  usbd_cdc.o(.text.USBD_CDC_DataOut)
    USBD_CDC_DeInit                          0x0800330d   Thumb Code    66  usbd_cdc.o(.text.USBD_CDC_DeInit)
    [Anonymous Symbol]                       0x0800330c   Section        0  usbd_cdc.o(.text.USBD_CDC_DeInit)
    USBD_CDC_EP0_RxReady                     0x08003351   Thumb Code    40  usbd_cdc.o(.text.USBD_CDC_EP0_RxReady)
    [Anonymous Symbol]                       0x08003350   Section        0  usbd_cdc.o(.text.USBD_CDC_EP0_RxReady)
    [Anonymous Symbol]                       0x08003378   Section        0  usbd_cdc.o(.text.USBD_CDC_GetDeviceQualifierDescriptor)
    USBD_CDC_GetFSCfgDesc                    0x08003389   Thumb Code    16  usbd_cdc.o(.text.USBD_CDC_GetFSCfgDesc)
    [Anonymous Symbol]                       0x08003388   Section        0  usbd_cdc.o(.text.USBD_CDC_GetFSCfgDesc)
    USBD_CDC_GetHSCfgDesc                    0x08003399   Thumb Code    16  usbd_cdc.o(.text.USBD_CDC_GetHSCfgDesc)
    [Anonymous Symbol]                       0x08003398   Section        0  usbd_cdc.o(.text.USBD_CDC_GetHSCfgDesc)
    USBD_CDC_GetOtherSpeedCfgDesc            0x080033a9   Thumb Code    16  usbd_cdc.o(.text.USBD_CDC_GetOtherSpeedCfgDesc)
    [Anonymous Symbol]                       0x080033a8   Section        0  usbd_cdc.o(.text.USBD_CDC_GetOtherSpeedCfgDesc)
    USBD_CDC_Init                            0x080033b9   Thumb Code   130  usbd_cdc.o(.text.USBD_CDC_Init)
    [Anonymous Symbol]                       0x080033b8   Section        0  usbd_cdc.o(.text.USBD_CDC_Init)
    [Anonymous Symbol]                       0x0800343c   Section        0  usbd_cdc.o(.text.USBD_CDC_ReceivePacket)
    [Anonymous Symbol]                       0x08003468   Section        0  usbd_cdc.o(.text.USBD_CDC_RegisterInterface)
    [Anonymous Symbol]                       0x08003478   Section        0  usbd_cdc.o(.text.USBD_CDC_SetRxBuffer)
    [Anonymous Symbol]                       0x08003484   Section        0  usbd_cdc.o(.text.USBD_CDC_SetTxBuffer)
    USBD_CDC_Setup                           0x08003495   Thumb Code   246  usbd_cdc.o(.text.USBD_CDC_Setup)
    [Anonymous Symbol]                       0x08003494   Section        0  usbd_cdc.o(.text.USBD_CDC_Setup)
    [Anonymous Symbol]                       0x0800358c   Section        0  usbd_cdc.o(.text.USBD_CDC_TransmitPacket)
    [Anonymous Symbol]                       0x080035c4   Section        0  usbd_core.o(.text.USBD_ClrClassConfig)
    [Anonymous Symbol]                       0x080035d4   Section        0  usbd_ioreq.o(.text.USBD_CtlContinueRx)
    [Anonymous Symbol]                       0x080035e4   Section        0  usbd_ioreq.o(.text.USBD_CtlContinueSendData)
    [Anonymous Symbol]                       0x080035f4   Section        0  usbd_ctlreq.o(.text.USBD_CtlError)
    [Anonymous Symbol]                       0x0800360c   Section        0  usbd_ioreq.o(.text.USBD_CtlPrepareRx)
    [Anonymous Symbol]                       0x08003628   Section        0  usbd_ioreq.o(.text.USBD_CtlReceiveStatus)
    [Anonymous Symbol]                       0x08003640   Section        0  usbd_ioreq.o(.text.USBD_CtlSendData)
    [Anonymous Symbol]                       0x0800365c   Section        0  usbd_ioreq.o(.text.USBD_CtlSendStatus)
    [Anonymous Symbol]                       0x08003674   Section        0  usbd_desc.o(.text.USBD_FS_ConfigStrDescriptor)
    [Anonymous Symbol]                       0x08003698   Section        0  usbd_desc.o(.text.USBD_FS_DeviceDescriptor)
    [Anonymous Symbol]                       0x080036a8   Section        0  usbd_desc.o(.text.USBD_FS_InterfaceStrDescriptor)
    [Anonymous Symbol]                       0x080036d0   Section        0  usbd_desc.o(.text.USBD_FS_LangIDStrDescriptor)
    [Anonymous Symbol]                       0x080036e0   Section        0  usbd_desc.o(.text.USBD_FS_ManufacturerStrDescriptor)
    [Anonymous Symbol]                       0x0800370c   Section        0  usbd_desc.o(.text.USBD_FS_ProductStrDescriptor)
    [Anonymous Symbol]                       0x0800373c   Section        0  usbd_desc.o(.text.USBD_FS_SerialStrDescriptor)
    [Anonymous Symbol]                       0x080037c0   Section        0  usbd_ctlreq.o(.text.USBD_GetString)
    [Anonymous Symbol]                       0x08003830   Section        0  usbd_core.o(.text.USBD_Init)
    [Anonymous Symbol]                       0x08003860   Section        0  usbd_conf.o(.text.USBD_LL_ClearStallEP)
    [Anonymous Symbol]                       0x08003884   Section        0  usbd_conf.o(.text.USBD_LL_CloseEP)
    [Anonymous Symbol]                       0x080038a8   Section        0  usbd_core.o(.text.USBD_LL_DataInStage)
    [Anonymous Symbol]                       0x0800396c   Section        0  usbd_core.o(.text.USBD_LL_DataOutStage)
    [Anonymous Symbol]                       0x080039f4   Section        0  usbd_conf.o(.text.USBD_LL_GetRxDataSize)
    [Anonymous Symbol]                       0x080039fc   Section        0  usbd_conf.o(.text.USBD_LL_Init)
    [Anonymous Symbol]                       0x08003a84   Section        0  usbd_conf.o(.text.USBD_LL_IsStallEP)
    [Anonymous Symbol]                       0x08003aa8   Section        0  usbd_conf.o(.text.USBD_LL_OpenEP)
    [Anonymous Symbol]                       0x08003ad0   Section        0  usbd_conf.o(.text.USBD_LL_PrepareReceive)
    [Anonymous Symbol]                       0x08003af4   Section        0  usbd_core.o(.text.USBD_LL_Reset)
    [Anonymous Symbol]                       0x08003b48   Section        0  usbd_core.o(.text.USBD_LL_Resume)
    [Anonymous Symbol]                       0x08003b58   Section        0  usbd_core.o(.text.USBD_LL_SOF)
    [Anonymous Symbol]                       0x08003b74   Section        0  usbd_core.o(.text.USBD_LL_SetSpeed)
    [Anonymous Symbol]                       0x08003b7c   Section        0  usbd_conf.o(.text.USBD_LL_SetUSBAddress)
    [Anonymous Symbol]                       0x08003ba0   Section        0  usbd_core.o(.text.USBD_LL_SetupStage)
    [Anonymous Symbol]                       0x08003c00   Section        0  usbd_conf.o(.text.USBD_LL_StallEP)
    [Anonymous Symbol]                       0x08003c24   Section        0  usbd_conf.o(.text.USBD_LL_Start)
    [Anonymous Symbol]                       0x08003c48   Section        0  usbd_core.o(.text.USBD_LL_Suspend)
    [Anonymous Symbol]                       0x08003c5c   Section        0  usbd_conf.o(.text.USBD_LL_Transmit)
    [Anonymous Symbol]                       0x08003c80   Section        0  usbd_ctlreq.o(.text.USBD_ParseSetupRequest)
    [Anonymous Symbol]                       0x08003c98   Section        0  usbd_core.o(.text.USBD_RegisterClass)
    [Anonymous Symbol]                       0x08003ca8   Section        0  usbd_core.o(.text.USBD_SetClassConfig)
    [Anonymous Symbol]                       0x08003cc4   Section        0  usbd_core.o(.text.USBD_Start)
    [Anonymous Symbol]                       0x08003cd0   Section        0  usbd_ctlreq.o(.text.USBD_StdDevReq)
    [Anonymous Symbol]                       0x08004050   Section        0  usbd_ctlreq.o(.text.USBD_StdEPReq)
    [Anonymous Symbol]                       0x0800418c   Section        0  usbd_ctlreq.o(.text.USBD_StdItfReq)
    [Anonymous Symbol]                       0x08004200   Section        0  usbd_conf.o(.text.USBD_static_free)
    [Anonymous Symbol]                       0x08004204   Section        0  usbd_conf.o(.text.USBD_static_malloc)
    [Anonymous Symbol]                       0x08004210   Section        0  stm32l1xx_ll_usb.o(.text.USB_ActivateEndpoint)
    [Anonymous Symbol]                       0x0800445c   Section        0  stm32l1xx_ll_usb.o(.text.USB_DeactivateEndpoint)
    [Anonymous Symbol]                       0x08004540   Section        0  stm32l1xx_ll_usb.o(.text.USB_DevConnect)
    [Anonymous Symbol]                       0x08004544   Section        0  stm32l1xx_ll_usb.o(.text.USB_DevInit)
    [Anonymous Symbol]                       0x08004560   Section        0  stm32l1xx_ll_usb.o(.text.USB_DisableGlobalInt)
    [Anonymous Symbol]                       0x08004574   Section        0  stm32l1xx_ll_usb.o(.text.USB_EPClearStall)
    [Anonymous Symbol]                       0x080045f0   Section        0  stm32l1xx_ll_usb.o(.text.USB_EPSetStall)
    [Anonymous Symbol]                       0x08004624   Section        0  stm32l1xx_ll_usb.o(.text.USB_EPStartXfer)
    [Anonymous Symbol]                       0x08004e64   Section        0  stm32l1xx_ll_usb.o(.text.USB_EnableGlobalInt)
    [Anonymous Symbol]                       0x08004e78   Section        0  stm32l1xx_it.o(.text.USB_LP_IRQHandler)
    [Anonymous Symbol]                       0x08004e84   Section        0  stm32l1xx_ll_usb.o(.text.USB_ReadInterrupts)
    [Anonymous Symbol]                       0x08004e8c   Section        0  stm32l1xx_ll_usb.o(.text.USB_ReadPMA)
    [Anonymous Symbol]                       0x08004f2c   Section        0  stm32l1xx_ll_usb.o(.text.USB_SetDevAddress)
    [Anonymous Symbol]                       0x08004f3c   Section        0  stm32l1xx_ll_usb.o(.text.USB_WritePMA)
    [Anonymous Symbol]                       0x08004fc4   Section        0  stm32l1xx_it.o(.text.UsageFault_Handler)
    [Anonymous Symbol]                       0x08004fc8   Section        0  main.o(.text.main)
    .L.str.1                                 0x080051fd   Data           3  main.o(.rodata.str1.1)
    [Anonymous Symbol]                       0x080051fd   Section        0  main.o(.rodata.str1.1)
    .L_MergedGlobals                         0x20000000   Data           8  stm32l1xx_hal.o(.data..L_MergedGlobals)
    [Anonymous Symbol]                       0x20000000   Section        0  stm32l1xx_hal.o(.data..L_MergedGlobals)
    USBD_CDC_DeviceQualifierDesc             0x200000e8   Data          10  usbd_cdc.o(.data.USBD_CDC_DeviceQualifierDesc)
    [Anonymous Symbol]                       0x200000e8   Section        0  usbd_cdc.o(.data.USBD_CDC_DeviceQualifierDesc)
    .bss                                     0x20000180   Section       96  libspace.o(.bss)
    .L_MergedGlobals                         0x200001e0   Data         104  main.o(.bss..L_MergedGlobals)
    [Anonymous Symbol]                       0x200001e0   Section        0  main.o(.bss..L_MergedGlobals)
    USBD_SetConfig.cfgidx                    0x2000043c   Data           1  usbd_ctlreq.o(.bss.USBD_SetConfig.cfgidx)
    [Anonymous Symbol]                       0x2000043c   Section        0  usbd_ctlreq.o(.bss.USBD_SetConfig.cfgidx)
    USBD_static_malloc.mem                   0x20000640   Data         544  usbd_conf.o(.bss.USBD_static_malloc.mem)
    [Anonymous Symbol]                       0x20000640   Section        0  usbd_conf.o(.bss.USBD_static_malloc.mem)
    Heap_Mem                                 0x200015f0   Data         512  startup_stm32l151xb.o(HEAP)
    HEAP                                     0x200015f0   Section      512  startup_stm32l151xb.o(HEAP)
    Stack_Mem                                0x200017f0   Data        1024  startup_stm32l151xb.o(STACK)
    STACK                                    0x200017f0   Section     1024  startup_stm32l151xb.o(STACK)
    __initial_sp                             0x20001bf0   Data           0  startup_stm32l151xb.o(STACK)

    Global Symbols

    Symbol Name                              Value     Ov Type        Size  Object(Section)

    BuildAttributes$$THM_ISAv4$P$D$K$B$S$PE$A:L22UL41UL21$X:L11$S22US41US21$IEEE1$IW$~IW$USESV6$~STKCKD$USESV7$~SHL$OTIME$ROPI$EBA8$UX$STANDARDLIB$REQ8$PRES8$EABIv2 0x00000000   Number         0  anon$$obj.o ABSOLUTE
    __fp_init_empty                          0x00000000   Number         0  fpinit_empty.o ABSOLUTE
    __ARM_exceptions_init                     - Undefined Weak Reference
    __alloca_initialize                       - Undefined Weak Reference
    __arm_preinit_                            - Undefined Weak Reference
    __arm_relocate_pie_                       - Undefined Weak Reference
    __cpp_initialize__aeabi_                  - Undefined Weak Reference
    __cxa_finalize                            - Undefined Weak Reference
    __rt_locale                               - Undefined Weak Reference
    __sigvec_lookup                           - Undefined Weak Reference
    _atexit_init                              - Undefined Weak Reference
    _call_atexit_fns                          - Undefined Weak Reference
    _clock_init                               - Undefined Weak Reference
    _fp_trap_init                             - Undefined Weak Reference
    _fp_trap_shutdown                         - Undefined Weak Reference
    _get_lc_collate                           - Undefined Weak Reference
    _get_lc_ctype                             - Undefined Weak Reference
    _get_lc_monetary                          - Undefined Weak Reference
    _get_lc_numeric                           - Undefined Weak Reference
    _get_lc_time                              - Undefined Weak Reference
    _getenv_init                              - Undefined Weak Reference
    _handle_redirection                       - Undefined Weak Reference
    _init_alloc                               - Undefined Weak Reference
    _init_user_alloc                          - Undefined Weak Reference
    _initio                                   - Undefined Weak Reference
    _rand_init                                - Undefined Weak Reference
    _signal_finish                            - Undefined Weak Reference
    _signal_init                              - Undefined Weak Reference
    _terminate_alloc                          - Undefined Weak Reference
    _terminate_user_alloc                     - Undefined Weak Reference
    _terminateio                              - Undefined Weak Reference
    __Vectors_Size                           0x000000f4   Number         0  startup_stm32l151xb.o ABSOLUTE
    __Vectors                                0x08000000   Data           4  startup_stm32l151xb.o(RESET)
    __Vectors_End                            0x080000f4   Data           0  startup_stm32l151xb.o(RESET)
    __main                                   0x080000f5   Thumb Code     8  __main.o(!!!main)
    __scatterload                            0x080000fd   Thumb Code     0  __scatter.o(!!!scatter)
    __scatterload_rt2                        0x080000fd   Thumb Code    44  __scatter.o(!!!scatter)
    __scatterload_rt2_thumb_only             0x080000fd   Thumb Code     0  __scatter.o(!!!scatter)
    __scatterload_null                       0x0800010b   Thumb Code     0  __scatter.o(!!!scatter)
    __decompress                             0x08000131   Thumb Code    90  __dczerorl2.o(!!dczerorl2)
    __decompress1                            0x08000131   Thumb Code     0  __dczerorl2.o(!!dczerorl2)
    __scatterload_zeroinit                   0x0800018d   Thumb Code    28  __scatter_zi.o(!!handler_zi)
    __rt_lib_init                            0x080001a9   Thumb Code     0  libinit.o(.ARM.Collect$$libinit$$00000000)
    __rt_lib_init_alloca_1                   0x080001ab   Thumb Code     0  libinit2.o(.ARM.Collect$$libinit$$00000030)
    __rt_lib_init_argv_1                     0x080001ab   Thumb Code     0  libinit2.o(.ARM.Collect$$libinit$$0000002E)
    __rt_lib_init_atexit_1                   0x080001ab   Thumb Code     0  libinit2.o(.ARM.Collect$$libinit$$0000001D)
    __rt_lib_init_clock_1                    0x080001ab   Thumb Code     0  libinit2.o(.ARM.Collect$$libinit$$00000023)
    __rt_lib_init_cpp_1                      0x080001ab   Thumb Code     0  libinit2.o(.ARM.Collect$$libinit$$00000034)
    __rt_lib_init_exceptions_1               0x080001ab   Thumb Code     0  libinit2.o(.ARM.Collect$$libinit$$00000032)
    __rt_lib_init_fp_1                       0x080001ab   Thumb Code     0  libinit2.o(.ARM.Collect$$libinit$$00000002)
    __rt_lib_init_fp_trap_1                  0x080001ab   Thumb Code     0  libinit2.o(.ARM.Collect$$libinit$$00000021)
    __rt_lib_init_getenv_1                   0x080001ab   Thumb Code     0  libinit2.o(.ARM.Collect$$libinit$$00000025)
    __rt_lib_init_heap_1                     0x080001ab   Thumb Code     0  libinit2.o(.ARM.Collect$$libinit$$0000000C)
    __rt_lib_init_lc_collate_1               0x080001ab   Thumb Code     0  libinit2.o(.ARM.Collect$$libinit$$00000013)
    __rt_lib_init_lc_ctype_1                 0x080001ab   Thumb Code     0  libinit2.o(.ARM.Collect$$libinit$$00000015)
    __rt_lib_init_lc_monetary_1              0x080001ab   Thumb Code     0  libinit2.o(.ARM.Collect$$libinit$$00000017)
    __rt_lib_init_lc_numeric_1               0x080001ab   Thumb Code     0  libinit2.o(.ARM.Collect$$libinit$$00000019)
    __rt_lib_init_lc_time_1                  0x080001ab   Thumb Code     0  libinit2.o(.ARM.Collect$$libinit$$0000001B)
    __rt_lib_init_preinit_1                  0x080001ab   Thumb Code     0  libinit2.o(.ARM.Collect$$libinit$$00000006)
    __rt_lib_init_rand_1                     0x080001ab   Thumb Code     0  libinit2.o(.ARM.Collect$$libinit$$00000010)
    __rt_lib_init_relocate_pie_1             0x080001ab   Thumb Code     0  libinit2.o(.ARM.Collect$$libinit$$00000004)
    __rt_lib_init_return                     0x080001ab   Thumb Code     0  libinit2.o(.ARM.Collect$$libinit$$00000035)
    __rt_lib_init_signal_1                   0x080001ab   Thumb Code     0  libinit2.o(.ARM.Collect$$libinit$$0000001F)
    __rt_lib_init_stdio_1                    0x080001ab   Thumb Code     0  libinit2.o(.ARM.Collect$$libinit$$00000027)
    __rt_lib_init_user_alloc_1               0x080001ab   Thumb Code     0  libinit2.o(.ARM.Collect$$libinit$$0000000E)
    __rt_lib_shutdown                        0x080001ad   Thumb Code     0  libshutdown.o(.ARM.Collect$$libshutdown$$00000000)
    __rt_lib_shutdown_cpp_1                  0x080001af   Thumb Code     0  libshutdown2.o(.ARM.Collect$$libshutdown$$00000002)
    __rt_lib_shutdown_fp_trap_1              0x080001af   Thumb Code     0  libshutdown2.o(.ARM.Collect$$libshutdown$$00000007)
    __rt_lib_shutdown_heap_1                 0x080001af   Thumb Code     0  libshutdown2.o(.ARM.Collect$$libshutdown$$0000000F)
    __rt_lib_shutdown_return                 0x080001af   Thumb Code     0  libshutdown2.o(.ARM.Collect$$libshutdown$$00000010)
    __rt_lib_shutdown_signal_1               0x080001af   Thumb Code     0  libshutdown2.o(.ARM.Collect$$libshutdown$$0000000A)
    __rt_lib_shutdown_stdio_1                0x080001af   Thumb Code     0  libshutdown2.o(.ARM.Collect$$libshutdown$$00000004)
    __rt_lib_shutdown_user_alloc_1           0x080001af   Thumb Code     0  libshutdown2.o(.ARM.Collect$$libshutdown$$0000000C)
    __rt_entry                               0x080001b1   Thumb Code     0  __rtentry.o(.ARM.Collect$$rtentry$$00000000)
    __rt_entry_presh_1                       0x080001b1   Thumb Code     0  __rtentry2.o(.ARM.Collect$$rtentry$$00000002)
    __rt_entry_sh                            0x080001b1   Thumb Code     0  __rtentry4.o(.ARM.Collect$$rtentry$$00000004)
    __rt_entry_li                            0x080001b7   Thumb Code     0  __rtentry2.o(.ARM.Collect$$rtentry$$0000000A)
    __rt_entry_postsh_1                      0x080001b7   Thumb Code     0  __rtentry2.o(.ARM.Collect$$rtentry$$00000009)
    __rt_entry_main                          0x080001bb   Thumb Code     0  __rtentry2.o(.ARM.Collect$$rtentry$$0000000D)
    __rt_entry_postli_1                      0x080001bb   Thumb Code     0  __rtentry2.o(.ARM.Collect$$rtentry$$0000000C)
    __rt_exit                                0x080001c3   Thumb Code     0  rtexit.o(.ARM.Collect$$rtexit$$00000000)
    __rt_exit_ls                             0x080001c5   Thumb Code     0  rtexit2.o(.ARM.Collect$$rtexit$$00000003)
    __rt_exit_prels_1                        0x080001c5   Thumb Code     0  rtexit2.o(.ARM.Collect$$rtexit$$00000002)
    __rt_exit_exit                           0x080001c9   Thumb Code     0  rtexit2.o(.ARM.Collect$$rtexit$$00000004)
    Reset_Handler                            0x080001d1   Thumb Code     8  startup_stm32l151xb.o(.text)
    ADC1_IRQHandler                          0x080001eb   Thumb Code     0  startup_stm32l151xb.o(.text)
    COMP_IRQHandler                          0x080001eb   Thumb Code     0  startup_stm32l151xb.o(.text)
    DAC_IRQHandler                           0x080001eb   Thumb Code     0  startup_stm32l151xb.o(.text)
    DMA1_Channel1_IRQHandler                 0x080001eb   Thumb Code     0  startup_stm32l151xb.o(.text)
    DMA1_Channel2_IRQHandler                 0x080001eb   Thumb Code     0  startup_stm32l151xb.o(.text)
    DMA1_Channel3_IRQHandler                 0x080001eb   Thumb Code     0  startup_stm32l151xb.o(.text)
    DMA1_Channel4_IRQHandler                 0x080001eb   Thumb Code     0  startup_stm32l151xb.o(.text)
    DMA1_Channel5_IRQHandler                 0x080001eb   Thumb Code     0  startup_stm32l151xb.o(.text)
    DMA1_Channel6_IRQHandler                 0x080001eb   Thumb Code     0  startup_stm32l151xb.o(.text)
    DMA1_Channel7_IRQHandler                 0x080001eb   Thumb Code     0  startup_stm32l151xb.o(.text)
    EXTI0_IRQHandler                         0x080001eb   Thumb Code     0  startup_stm32l151xb.o(.text)
    EXTI15_10_IRQHandler                     0x080001eb   Thumb Code     0  startup_stm32l151xb.o(.text)
    EXTI1_IRQHandler                         0x080001eb   Thumb Code     0  startup_stm32l151xb.o(.text)
    EXTI2_IRQHandler                         0x080001eb   Thumb Code     0  startup_stm32l151xb.o(.text)
    EXTI3_IRQHandler                         0x080001eb   Thumb Code     0  startup_stm32l151xb.o(.text)
    EXTI4_IRQHandler                         0x080001eb   Thumb Code     0  startup_stm32l151xb.o(.text)
    EXTI9_5_IRQHandler                       0x080001eb   Thumb Code     0  startup_stm32l151xb.o(.text)
    FLASH_IRQHandler                         0x080001eb   Thumb Code     0  startup_stm32l151xb.o(.text)
    I2C1_ER_IRQHandler                       0x080001eb   Thumb Code     0  startup_stm32l151xb.o(.text)
    I2C1_EV_IRQHandler                       0x080001eb   Thumb Code     0  startup_stm32l151xb.o(.text)
    I2C2_ER_IRQHandler                       0x080001eb   Thumb Code     0  startup_stm32l151xb.o(.text)
    I2C2_EV_IRQHandler                       0x080001eb   Thumb Code     0  startup_stm32l151xb.o(.text)
    PVD_IRQHandler                           0x080001eb   Thumb Code     0  startup_stm32l151xb.o(.text)
    RCC_IRQHandler                           0x080001eb   Thumb Code     0  startup_stm32l151xb.o(.text)
    RTC_Alarm_IRQHandler                     0x080001eb   Thumb Code     0  startup_stm32l151xb.o(.text)
    RTC_WKUP_IRQHandler                      0x080001eb   Thumb Code     0  startup_stm32l151xb.o(.text)
    SPI1_IRQHandler                          0x080001eb   Thumb Code     0  startup_stm32l151xb.o(.text)
    SPI2_IRQHandler                          0x080001eb   Thumb Code     0  startup_stm32l151xb.o(.text)
    TAMPER_STAMP_IRQHandler                  0x080001eb   Thumb Code     0  startup_stm32l151xb.o(.text)
    TIM10_IRQHandler                         0x080001eb   Thumb Code     0  startup_stm32l151xb.o(.text)
    TIM11_IRQHandler                         0x080001eb   Thumb Code     0  startup_stm32l151xb.o(.text)
    TIM2_IRQHandler                          0x080001eb   Thumb Code     0  startup_stm32l151xb.o(.text)
    TIM3_IRQHandler                          0x080001eb   Thumb Code     0  startup_stm32l151xb.o(.text)
    TIM4_IRQHandler                          0x080001eb   Thumb Code     0  startup_stm32l151xb.o(.text)
    TIM6_IRQHandler                          0x080001eb   Thumb Code     0  startup_stm32l151xb.o(.text)
    TIM7_IRQHandler                          0x080001eb   Thumb Code     0  startup_stm32l151xb.o(.text)
    TIM9_IRQHandler                          0x080001eb   Thumb Code     0  startup_stm32l151xb.o(.text)
    USART1_IRQHandler                        0x080001eb   Thumb Code     0  startup_stm32l151xb.o(.text)
    USART2_IRQHandler                        0x080001eb   Thumb Code     0  startup_stm32l151xb.o(.text)
    USB_FS_WKUP_IRQHandler                   0x080001eb   Thumb Code     0  startup_stm32l151xb.o(.text)
    USB_HP_IRQHandler                        0x080001eb   Thumb Code     0  startup_stm32l151xb.o(.text)
    WWDG_IRQHandler                          0x080001eb   Thumb Code     0  startup_stm32l151xb.o(.text)
    __user_initial_stackheap                 0x080001ed   Thumb Code     0  startup_stm32l151xb.o(.text)
    __aeabi_uldivmod                         0x08000211   Thumb Code     0  lludivv7m.o(.text)
    _ll_udiv                                 0x08000211   Thumb Code   240  lludivv7m.o(.text)
    strstr                                   0x08000301   Thumb Code    36  strstr.o(.text)
    strlen                                   0x08000325   Thumb Code    62  strlen.o(.text)
    __aeabi_memclr4                          0x08000363   Thumb Code     0  rt_memclr_w.o(.text)
    __aeabi_memclr8                          0x08000363   Thumb Code     0  rt_memclr_w.o(.text)
    __rt_memclr_w                            0x08000363   Thumb Code     0  rt_memclr_w.o(.text)
    _memset_w                                0x08000367   Thumb Code    74  rt_memclr_w.o(.text)
    __use_two_region_memory                  0x080003b1   Thumb Code     2  heapauxi.o(.text)
    __rt_heap_escrow$2region                 0x080003b3   Thumb Code     2  heapauxi.o(.text)
    __rt_heap_expand$2region                 0x080003b5   Thumb Code     2  heapauxi.o(.text)
    __user_setup_stackheap                   0x080003b7   Thumb Code    74  sys_stackheap_outer.o(.text)
    exit                                     0x08000401   Thumb Code    18  exit.o(.text)
    __user_libspace                          0x08000415   Thumb Code     8  libspace.o(.text)
    __user_perproc_libspace                  0x08000415   Thumb Code     0  libspace.o(.text)
    __user_perthread_libspace                0x08000415   Thumb Code     0  libspace.o(.text)
    _sys_exit                                0x0800041d   Thumb Code     8  sys_exit.o(.text)
    __I$use$semihosting                      0x08000429   Thumb Code     0  use_no_semi.o(.text)
    __use_no_semihosting_swi                 0x08000429   Thumb Code     2  use_no_semi.o(.text)
    __semihosting_library_function           0x0800042b   Thumb Code     0  indicate_semi.o(.text)
    BusFault_Handler                         0x0800042d   Thumb Code     2  stm32l1xx_it.o(.text.BusFault_Handler)
    CDC_Transmit_FS                          0x080004c5   Thumb Code    54  usbd_cdc_if.o(.text.CDC_Transmit_FS)
    DebugMon_Handler                         0x080004fd   Thumb Code     2  stm32l1xx_it.o(.text.DebugMon_Handler)
    Error_Handler                            0x08000501   Thumb Code    10  main.o(.text.Error_Handler)
    HAL_DMA_Abort                            0x0800050d   Thumb Code    74  stm32l1xx_hal_dma.o(.text.HAL_DMA_Abort)
    HAL_DMA_Abort_IT                         0x08000559   Thumb Code    88  stm32l1xx_hal_dma.o(.text.HAL_DMA_Abort_IT)
    HAL_Delay                                0x080005b1   Thumb Code    40  stm32l1xx_hal.o(.text.HAL_Delay)
    HAL_GPIO_Init                            0x080005d9   Thumb Code   418  stm32l1xx_hal_gpio.o(.text.HAL_GPIO_Init)
    HAL_GPIO_WritePin                        0x0800077d   Thumb Code    10  stm32l1xx_hal_gpio.o(.text.HAL_GPIO_WritePin)
    HAL_GetTick                              0x08000789   Thumb Code    12  stm32l1xx_hal.o(.text.HAL_GetTick)
    HAL_IncTick                              0x08000795   Thumb Code    26  stm32l1xx_hal.o(.text.HAL_IncTick)
    HAL_Init                                 0x080007b1   Thumb Code    30  stm32l1xx_hal.o(.text.HAL_Init)
    HAL_InitTick                             0x080007d1   Thumb Code    76  stm32l1xx_hal.o(.text.HAL_InitTick)
    HAL_MspInit                              0x0800081d   Thumb Code    74  stm32l1xx_hal_msp.o(.text.HAL_MspInit)
    HAL_NVIC_EnableIRQ                       0x08000869   Thumb Code    38  stm32l1xx_hal_cortex.o(.text.HAL_NVIC_EnableIRQ)
    HAL_NVIC_SetPriority                     0x08000891   Thumb Code    86  stm32l1xx_hal_cortex.o(.text.HAL_NVIC_SetPriority)
    HAL_NVIC_SetPriorityGrouping             0x080008e9   Thumb Code    32  stm32l1xx_hal_cortex.o(.text.HAL_NVIC_SetPriorityGrouping)
    HAL_PCDEx_PMAConfig                      0x08000909   Thumb Code    58  stm32l1xx_hal_pcd_ex.o(.text.HAL_PCDEx_PMAConfig)
    HAL_PCDEx_SetConnectionState             0x08000945   Thumb Code    22  usbd_conf.o(.text.HAL_PCDEx_SetConnectionState)
    HAL_PCD_DataInStageCallback              0x0800095d   Thumb Code    20  usbd_conf.o(.text.HAL_PCD_DataInStageCallback)
    HAL_PCD_DataOutStageCallback             0x08000971   Thumb Code    22  usbd_conf.o(.text.HAL_PCD_DataOutStageCallback)
    HAL_PCD_EP_Close                         0x08000989   Thumb Code    80  stm32l1xx_hal_pcd.o(.text.HAL_PCD_EP_Close)
    HAL_PCD_EP_ClrStall                      0x080009d9   Thumb Code   100  stm32l1xx_hal_pcd.o(.text.HAL_PCD_EP_ClrStall)
    HAL_PCD_EP_GetRxCount                    0x08000a3d   Thumb Code    18  stm32l1xx_hal_pcd.o(.text.HAL_PCD_EP_GetRxCount)
    HAL_PCD_EP_Open                          0x08000a51   Thumb Code    96  stm32l1xx_hal_pcd.o(.text.HAL_PCD_EP_Open)
    HAL_PCD_EP_Receive                       0x08000ab1   Thumb Code    50  stm32l1xx_hal_pcd.o(.text.HAL_PCD_EP_Receive)
    HAL_PCD_EP_SetStall                      0x08000ae5   Thumb Code   102  stm32l1xx_hal_pcd.o(.text.HAL_PCD_EP_SetStall)
    HAL_PCD_EP_Transmit                      0x08000b4d   Thumb Code    54  stm32l1xx_hal_pcd.o(.text.HAL_PCD_EP_Transmit)
    HAL_PCD_IRQHandler                       0x08000b85   Thumb Code  2342  stm32l1xx_hal_pcd.o(.text.HAL_PCD_IRQHandler)
    HAL_PCD_Init                             0x080014ad   Thumb Code   178  stm32l1xx_hal_pcd.o(.text.HAL_PCD_Init)
    HAL_PCD_MspInit                          0x08001561   Thumb Code    70  usbd_conf.o(.text.HAL_PCD_MspInit)
    HAL_PCD_ResetCallback                    0x080015a9   Thumb Code    36  usbd_conf.o(.text.HAL_PCD_ResetCallback)
    HAL_PCD_ResumeCallback                   0x080015cd   Thumb Code     8  usbd_conf.o(.text.HAL_PCD_ResumeCallback)
    HAL_PCD_SOFCallback                      0x080015d5   Thumb Code     8  usbd_conf.o(.text.HAL_PCD_SOFCallback)
    HAL_PCD_SetAddress                       0x080015dd   Thumb Code    40  stm32l1xx_hal_pcd.o(.text.HAL_PCD_SetAddress)
    HAL_PCD_SetupStageCallback               0x08001605   Thumb Code    14  usbd_conf.o(.text.HAL_PCD_SetupStageCallback)
    HAL_PCD_Start                            0x08001615   Thumb Code    50  stm32l1xx_hal_pcd.o(.text.HAL_PCD_Start)
    HAL_PCD_SuspendCallback                  0x08001649   Thumb Code    38  usbd_conf.o(.text.HAL_PCD_SuspendCallback)
    HAL_RCCEx_PeriphCLKConfig                0x08001671   Thumb Code   290  stm32l1xx_hal_rcc_ex.o(.text.HAL_RCCEx_PeriphCLKConfig)
    HAL_RCC_ClockConfig                      0x08001795   Thumb Code   562  stm32l1xx_hal_rcc.o(.text.HAL_RCC_ClockConfig)
    HAL_RCC_GetPCLK1Freq                     0x080019c9   Thumb Code    38  stm32l1xx_hal_rcc.o(.text.HAL_RCC_GetPCLK1Freq)
    HAL_RCC_GetPCLK2Freq                     0x080019f1   Thumb Code    38  stm32l1xx_hal_rcc.o(.text.HAL_RCC_GetPCLK2Freq)
    HAL_RCC_OscConfig                        0x08001a19   Thumb Code  1392  stm32l1xx_hal_rcc.o(.text.HAL_RCC_OscConfig)
    HAL_RTCEx_SetWakeUpTimer                 0x08001f89   Thumb Code   170  stm32l1xx_hal_rtc_ex.o(.text.HAL_RTCEx_SetWakeUpTimer)
    HAL_RTC_Init                             0x08002035   Thumb Code   236  stm32l1xx_hal_rtc.o(.text.HAL_RTC_Init)
    HAL_RTC_MspInit                          0x08002121   Thumb Code    30  stm32l1xx_hal_msp.o(.text.HAL_RTC_MspInit)
    HAL_RTC_SetDate                          0x08002141   Thumb Code   334  stm32l1xx_hal_rtc.o(.text.HAL_RTC_SetDate)
    HAL_RTC_SetTime                          0x08002291   Thumb Code   402  stm32l1xx_hal_rtc.o(.text.HAL_RTC_SetTime)
    HAL_SYSTICK_Config                       0x08002425   Thumb Code    44  stm32l1xx_hal_cortex.o(.text.HAL_SYSTICK_Config)
    HAL_UARTEx_RxEventCallback               0x08002451   Thumb Code     2  stm32l1xx_hal_uart.o(.text.HAL_UARTEx_RxEventCallback)
    HAL_UART_ErrorCallback                   0x08002455   Thumb Code     2  stm32l1xx_hal_uart.o(.text.HAL_UART_ErrorCallback)
    HAL_UART_IRQHandler                      0x08002459   Thumb Code  1376  stm32l1xx_hal_uart.o(.text.HAL_UART_IRQHandler)
    HAL_UART_Init                            0x080029b9   Thumb Code    96  stm32l1xx_hal_uart.o(.text.HAL_UART_Init)
    HAL_UART_MspInit                         0x08002a19   Thumb Code   120  stm32l1xx_hal_msp.o(.text.HAL_UART_MspInit)
    HAL_UART_Receive                         0x08002a91   Thumb Code   432  stm32l1xx_hal_uart.o(.text.HAL_UART_Receive)
    HAL_UART_RxCpltCallback                  0x08002c41   Thumb Code     2  stm32l1xx_hal_uart.o(.text.HAL_UART_RxCpltCallback)
    HAL_UART_Transmit                        0x08002c45   Thumb Code   632  stm32l1xx_hal_uart.o(.text.HAL_UART_Transmit)
    HAL_UART_TxCpltCallback                  0x08002ebd   Thumb Code     2  stm32l1xx_hal_uart.o(.text.HAL_UART_TxCpltCallback)
    HardFault_Handler                        0x08002ec1   Thumb Code     2  stm32l1xx_it.o(.text.HardFault_Handler)
    MX_USB_DEVICE_Init                       0x08002ec5   Thumb Code   114  usb_device.o(.text.MX_USB_DEVICE_Init)
    MemManage_Handler                        0x08002f39   Thumb Code     2  stm32l1xx_it.o(.text.MemManage_Handler)
    NMI_Handler                              0x08002f3d   Thumb Code     2  stm32l1xx_it.o(.text.NMI_Handler)
    PendSV_Handler                           0x08002f41   Thumb Code     2  stm32l1xx_it.o(.text.PendSV_Handler)
    SIM_Transmit                             0x08002f45   Thumb Code   156  main.o(.text.SIM_Transmit)
    SVC_Handler                              0x08002fe1   Thumb Code     2  stm32l1xx_it.o(.text.SVC_Handler)
    SysTick_Handler                          0x08002fe5   Thumb Code     4  stm32l1xx_it.o(.text.SysTick_Handler)
    SystemClock_Config                       0x08002fe9   Thumb Code   160  main.o(.text.SystemClock_Config)
    SystemInit                               0x08003089   Thumb Code     2  system_stm32l1xx.o(.text.SystemInit)
    USART3_IRQHandler                        0x08003281   Thumb Code    12  stm32l1xx_it.o(.text.USART3_IRQHandler)
    USBD_CDC_GetDeviceQualifierDescriptor    0x08003379   Thumb Code    16  usbd_cdc.o(.text.USBD_CDC_GetDeviceQualifierDescriptor)
    USBD_CDC_ReceivePacket                   0x0800343d   Thumb Code    42  usbd_cdc.o(.text.USBD_CDC_ReceivePacket)
    USBD_CDC_RegisterInterface               0x08003469   Thumb Code    14  usbd_cdc.o(.text.USBD_CDC_RegisterInterface)
    USBD_CDC_SetRxBuffer                     0x08003479   Thumb Code    12  usbd_cdc.o(.text.USBD_CDC_SetRxBuffer)
    USBD_CDC_SetTxBuffer                     0x08003485   Thumb Code    16  usbd_cdc.o(.text.USBD_CDC_SetTxBuffer)
    USBD_CDC_TransmitPacket                  0x0800358d   Thumb Code    56  usbd_cdc.o(.text.USBD_CDC_TransmitPacket)
    USBD_ClrClassConfig                      0x080035c5   Thumb Code    14  usbd_core.o(.text.USBD_ClrClassConfig)
    USBD_CtlContinueRx                       0x080035d5   Thumb Code    16  usbd_ioreq.o(.text.USBD_CtlContinueRx)
    USBD_CtlContinueSendData                 0x080035e5   Thumb Code    16  usbd_ioreq.o(.text.USBD_CtlContinueSendData)
    USBD_CtlError                            0x080035f5   Thumb Code    22  usbd_ctlreq.o(.text.USBD_CtlError)
    USBD_CtlPrepareRx                        0x0800360d   Thumb Code    26  usbd_ioreq.o(.text.USBD_CtlPrepareRx)
    USBD_CtlReceiveStatus                    0x08003629   Thumb Code    22  usbd_ioreq.o(.text.USBD_CtlReceiveStatus)
    USBD_CtlSendData                         0x08003641   Thumb Code    26  usbd_ioreq.o(.text.USBD_CtlSendData)
    USBD_CtlSendStatus                       0x0800365d   Thumb Code    22  usbd_ioreq.o(.text.USBD_CtlSendStatus)
    USBD_FS_ConfigStrDescriptor              0x08003675   Thumb Code    24  usbd_desc.o(.text.USBD_FS_ConfigStrDescriptor)
    USBD_FS_DeviceDescriptor                 0x08003699   Thumb Code    14  usbd_desc.o(.text.USBD_FS_DeviceDescriptor)
    USBD_FS_InterfaceStrDescriptor           0x080036a9   Thumb Code    24  usbd_desc.o(.text.USBD_FS_InterfaceStrDescriptor)
    USBD_FS_LangIDStrDescriptor              0x080036d1   Thumb Code    14  usbd_desc.o(.text.USBD_FS_LangIDStrDescriptor)
    USBD_FS_ManufacturerStrDescriptor        0x080036e1   Thumb Code    24  usbd_desc.o(.text.USBD_FS_ManufacturerStrDescriptor)
    USBD_FS_ProductStrDescriptor             0x0800370d   Thumb Code    24  usbd_desc.o(.text.USBD_FS_ProductStrDescriptor)
    USBD_FS_SerialStrDescriptor              0x0800373d   Thumb Code   132  usbd_desc.o(.text.USBD_FS_SerialStrDescriptor)
    USBD_GetString                           0x080037c1   Thumb Code   112  usbd_ctlreq.o(.text.USBD_GetString)
    USBD_Init                                0x08003831   Thumb Code    48  usbd_core.o(.text.USBD_Init)
    USBD_LL_ClearStallEP                     0x08003861   Thumb Code    34  usbd_conf.o(.text.USBD_LL_ClearStallEP)
    USBD_LL_CloseEP                          0x08003885   Thumb Code    34  usbd_conf.o(.text.USBD_LL_CloseEP)
    USBD_LL_DataInStage                      0x080038a9   Thumb Code   194  usbd_core.o(.text.USBD_LL_DataInStage)
    USBD_LL_DataOutStage                     0x0800396d   Thumb Code   134  usbd_core.o(.text.USBD_LL_DataOutStage)
    USBD_LL_GetRxDataSize                    0x080039f5   Thumb Code     8  usbd_conf.o(.text.USBD_LL_GetRxDataSize)
    USBD_LL_Init                             0x080039fd   Thumb Code   134  usbd_conf.o(.text.USBD_LL_Init)
    USBD_LL_IsStallEP                        0x08003a85   Thumb Code    34  usbd_conf.o(.text.USBD_LL_IsStallEP)
    USBD_LL_OpenEP                           0x08003aa9   Thumb Code    40  usbd_conf.o(.text.USBD_LL_OpenEP)
    USBD_LL_PrepareReceive                   0x08003ad1   Thumb Code    34  usbd_conf.o(.text.USBD_LL_PrepareReceive)
    USBD_LL_Reset                            0x08003af5   Thumb Code    84  usbd_core.o(.text.USBD_LL_Reset)
    USBD_LL_Resume                           0x08003b49   Thumb Code    14  usbd_core.o(.text.USBD_LL_Resume)
    USBD_LL_SOF                              0x08003b59   Thumb Code    26  usbd_core.o(.text.USBD_LL_SOF)
    USBD_LL_SetSpeed                         0x08003b75   Thumb Code     8  usbd_core.o(.text.USBD_LL_SetSpeed)
    USBD_LL_SetUSBAddress                    0x08003b7d   Thumb Code    34  usbd_conf.o(.text.USBD_LL_SetUSBAddress)
    USBD_LL_SetupStage                       0x08003ba1   Thumb Code    96  usbd_core.o(.text.USBD_LL_SetupStage)
    USBD_LL_StallEP                          0x08003c01   Thumb Code    34  usbd_conf.o(.text.USBD_LL_StallEP)
    USBD_LL_Start                            0x08003c25   Thumb Code    34  usbd_conf.o(.text.USBD_LL_Start)
    USBD_LL_Suspend                          0x08003c49   Thumb Code    20  usbd_core.o(.text.USBD_LL_Suspend)
    USBD_LL_Transmit                         0x08003c5d   Thumb Code    34  usbd_conf.o(.text.USBD_LL_Transmit)
    USBD_ParseSetupRequest                   0x08003c81   Thumb Code    22  usbd_ctlreq.o(.text.USBD_ParseSetupRequest)
    USBD_RegisterClass                       0x08003c99   Thumb Code    14  usbd_core.o(.text.USBD_RegisterClass)
    USBD_SetClassConfig                      0x08003ca9   Thumb Code    26  usbd_core.o(.text.USBD_SetClassConfig)
    USBD_Start                               0x08003cc5   Thumb Code    10  usbd_core.o(.text.USBD_Start)
    USBD_StdDevReq                           0x08003cd1   Thumb Code   894  usbd_ctlreq.o(.text.USBD_StdDevReq)
    USBD_StdEPReq                            0x08004051   Thumb Code   316  usbd_ctlreq.o(.text.USBD_StdEPReq)
    USBD_StdItfReq                           0x0800418d   Thumb Code   114  usbd_ctlreq.o(.text.USBD_StdItfReq)
    USBD_static_free                         0x08004201   Thumb Code     2  usbd_conf.o(.text.USBD_static_free)
    USBD_static_malloc                       0x08004205   Thumb Code    10  usbd_conf.o(.text.USBD_static_malloc)
    USB_ActivateEndpoint                     0x08004211   Thumb Code   588  stm32l1xx_ll_usb.o(.text.USB_ActivateEndpoint)
    USB_DeactivateEndpoint                   0x0800445d   Thumb Code   226  stm32l1xx_ll_usb.o(.text.USB_DeactivateEndpoint)
    USB_DevConnect                           0x08004541   Thumb Code     4  stm32l1xx_ll_usb.o(.text.USB_DevConnect)
    USB_DevInit                              0x08004545   Thumb Code    26  stm32l1xx_ll_usb.o(.text.USB_DevInit)
    USB_DisableGlobalInt                     0x08004561   Thumb Code    20  stm32l1xx_ll_usb.o(.text.USB_DisableGlobalInt)
    USB_EPClearStall                         0x08004575   Thumb Code   124  stm32l1xx_ll_usb.o(.text.USB_EPClearStall)
    USB_EPSetStall                           0x080045f1   Thumb Code    50  stm32l1xx_ll_usb.o(.text.USB_EPSetStall)
    USB_EPStartXfer                          0x08004625   Thumb Code  2110  stm32l1xx_ll_usb.o(.text.USB_EPStartXfer)
    USB_EnableGlobalInt                      0x08004e65   Thumb Code    20  stm32l1xx_ll_usb.o(.text.USB_EnableGlobalInt)
    USB_LP_IRQHandler                        0x08004e79   Thumb Code    12  stm32l1xx_it.o(.text.USB_LP_IRQHandler)
    USB_ReadInterrupts                       0x08004e85   Thumb Code     6  stm32l1xx_ll_usb.o(.text.USB_ReadInterrupts)
    USB_ReadPMA                              0x08004e8d   Thumb Code   160  stm32l1xx_ll_usb.o(.text.USB_ReadPMA)
    USB_SetDevAddress                        0x08004f2d   Thumb Code    14  stm32l1xx_ll_usb.o(.text.USB_SetDevAddress)
    USB_WritePMA                             0x08004f3d   Thumb Code   134  stm32l1xx_ll_usb.o(.text.USB_WritePMA)
    UsageFault_Handler                       0x08004fc5   Thumb Code     2  stm32l1xx_it.o(.text.UsageFault_Handler)
    main                                     0x08004fc9   Thumb Code   444  main.o(.text.main)
    AHBPrescTable                            0x080051dc   Data          16  system_stm32l1xx.o(.rodata.AHBPrescTable)
    APBPrescTable                            0x080051ec   Data           8  system_stm32l1xx.o(.rodata.APBPrescTable)
    PLLMulTable                              0x080051f4   Data           9  system_stm32l1xx.o(.rodata.PLLMulTable)
    Region$$Table$$Base                      0x08005200   Number         0  anon$$obj.o(Region$$Table)
    Region$$Table$$Limit                     0x08005220   Number         0  anon$$obj.o(Region$$Table)
    uwTickPrio                               0x20000000   Data           4  stm32l1xx_hal.o(.data..L_MergedGlobals)
    uwTickFreq                               0x20000004   Data           4  stm32l1xx_hal.o(.data..L_MergedGlobals)
    FS_Desc                                  0x20000008   Data          28  usbd_desc.o(.data.FS_Desc)
    SystemCoreClock                          0x20000024   Data           4  system_stm32l1xx.o(.data.SystemCoreClock)
    USBD_CDC                                 0x20000028   Data          56  usbd_cdc.o(.data.USBD_CDC)
    USBD_CDC_CfgFSDesc                       0x20000060   Data          67  usbd_cdc.o(.data.USBD_CDC_CfgFSDesc)
    USBD_CDC_CfgHSDesc                       0x200000a4   Data          67  usbd_cdc.o(.data.USBD_CDC_CfgHSDesc)
    USBD_CDC_OtherSpeedCfgDesc               0x200000f4   Data          67  usbd_cdc.o(.data.USBD_CDC_OtherSpeedCfgDesc)
    USBD_FS_DeviceDesc                       0x20000138   Data          18  usbd_desc.o(.data.USBD_FS_DeviceDesc)
    USBD_Interface_fops_FS                   0x2000014c   Data          16  usbd_cdc_if.o(.data.USBD_Interface_fops_FS)
    USBD_LangIDDesc                          0x2000015c   Data           4  usbd_desc.o(.data.USBD_LangIDDesc)
    USBD_StringSerial                        0x20000160   Data          26  usbd_desc.o(.data.USBD_StringSerial)
    __libspace_start                         0x20000180   Data          96  libspace.o(.bss)
    __temporary_stack_top$libspace           0x200001e0   Data           0  libspace.o(.bss)
    hrtc                                     0x200001e0   Data          32  main.o(.bss..L_MergedGlobals)
    huart3                                   0x20000200   Data          72  main.o(.bss..L_MergedGlobals)
    RxBuff                                   0x20000248   Data         500  main.o(.bss.RxBuff)
    USBD_StrDesc                             0x20000440   Data         512  usbd_desc.o(.bss.USBD_StrDesc)
    UserRxBufferFS                           0x20000860   Data        1024  usbd_cdc_if.o(.bss.UserRxBufferFS)
    UserTxBufferFS                           0x20000c60   Data        1024  usbd_cdc_if.o(.bss.UserTxBufferFS)
    hUsbDeviceFS                             0x20001060   Data         668  usb_device.o(.bss.hUsbDeviceFS)
    hpcd_USB_FS                              0x200012fc   Data         748  usbd_conf.o(.bss.hpcd_USB_FS)
    uwTick                                   0x200015e8   Data           4  stm32l1xx_hal.o(.bss.uwTick)



==============================================================================

Memory Map of the image

  Image Entry point : 0x080000f5

  Load Region LR_IROM1 (Base: 0x08000000, Size: 0x000053a0, Max: 0x00010000, ABSOLUTE, COMPRESSED[0x000052e0])

    Execution Region ER_IROM1 (Exec base: 0x08000000, Load base: 0x08000000, Size: 0x00005220, Max: 0x00010000, ABSOLUTE)

    Exec Addr    Load Addr    Size         Type   Attr      Idx    E Section Name        Object

    0x08000000   0x08000000   0x000000f4   Data   RO            3    RESET               startup_stm32l151xb.o
    0x080000f4   0x080000f4   0x00000008   Code   RO         1147  * !!!main             c_w.l(__main.o)
    0x080000fc   0x080000fc   0x00000034   Code   RO         1324    !!!scatter          c_w.l(__scatter.o)
    0x08000130   0x08000130   0x0000005a   Code   RO         1322    !!dczerorl2         c_w.l(__dczerorl2.o)
    0x0800018a   0x0800018a   0x00000002   PAD
    0x0800018c   0x0800018c   0x0000001c   Code   RO         1326    !!handler_zi        c_w.l(__scatter_zi.o)
    0x080001a8   0x080001a8   0x00000002   Code   RO         1184    .ARM.Collect$$libinit$$00000000  c_w.l(libinit.o)
    0x080001aa   0x080001aa   0x00000000   Code   RO         1197    .ARM.Collect$$libinit$$00000002  c_w.l(libinit2.o)
    0x080001aa   0x080001aa   0x00000000   Code   RO         1199    .ARM.Collect$$libinit$$00000004  c_w.l(libinit2.o)
    0x080001aa   0x080001aa   0x00000000   Code   RO         1201    .ARM.Collect$$libinit$$00000006  c_w.l(libinit2.o)
    0x080001aa   0x080001aa   0x00000000   Code   RO         1204    .ARM.Collect$$libinit$$0000000C  c_w.l(libinit2.o)
    0x080001aa   0x080001aa   0x00000000   Code   RO         1206    .ARM.Collect$$libinit$$0000000E  c_w.l(libinit2.o)
    0x080001aa   0x080001aa   0x00000000   Code   RO         1208    .ARM.Collect$$libinit$$00000010  c_w.l(libinit2.o)
    0x080001aa   0x080001aa   0x00000000   Code   RO         1211    .ARM.Collect$$libinit$$00000013  c_w.l(libinit2.o)
    0x080001aa   0x080001aa   0x00000000   Code   RO         1213    .ARM.Collect$$libinit$$00000015  c_w.l(libinit2.o)
    0x080001aa   0x080001aa   0x00000000   Code   RO         1215    .ARM.Collect$$libinit$$00000017  c_w.l(libinit2.o)
    0x080001aa   0x080001aa   0x00000000   Code   RO         1217    .ARM.Collect$$libinit$$00000019  c_w.l(libinit2.o)
    0x080001aa   0x080001aa   0x00000000   Code   RO         1219    .ARM.Collect$$libinit$$0000001B  c_w.l(libinit2.o)
    0x080001aa   0x080001aa   0x00000000   Code   RO         1221    .ARM.Collect$$libinit$$0000001D  c_w.l(libinit2.o)
    0x080001aa   0x080001aa   0x00000000   Code   RO         1223    .ARM.Collect$$libinit$$0000001F  c_w.l(libinit2.o)
    0x080001aa   0x080001aa   0x00000000   Code   RO         1225    .ARM.Collect$$libinit$$00000021  c_w.l(libinit2.o)
    0x080001aa   0x080001aa   0x00000000   Code   RO         1227    .ARM.Collect$$libinit$$00000023  c_w.l(libinit2.o)
    0x080001aa   0x080001aa   0x00000000   Code   RO         1229    .ARM.Collect$$libinit$$00000025  c_w.l(libinit2.o)
    0x080001aa   0x080001aa   0x00000000   Code   RO         1231    .ARM.Collect$$libinit$$00000027  c_w.l(libinit2.o)
    0x080001aa   0x080001aa   0x00000000   Code   RO         1235    .ARM.Collect$$libinit$$0000002E  c_w.l(libinit2.o)
    0x080001aa   0x080001aa   0x00000000   Code   RO         1237    .ARM.Collect$$libinit$$00000030  c_w.l(libinit2.o)
    0x080001aa   0x080001aa   0x00000000   Code   RO         1239    .ARM.Collect$$libinit$$00000032  c_w.l(libinit2.o)
    0x080001aa   0x080001aa   0x00000000   Code   RO         1241    .ARM.Collect$$libinit$$00000034  c_w.l(libinit2.o)
    0x080001aa   0x080001aa   0x00000002   Code   RO         1242    .ARM.Collect$$libinit$$00000035  c_w.l(libinit2.o)
    0x080001ac   0x080001ac   0x00000002   Code   RO         1277    .ARM.Collect$$libshutdown$$00000000  c_w.l(libshutdown.o)
    0x080001ae   0x080001ae   0x00000000   Code   RO         1305    .ARM.Collect$$libshutdown$$00000002  c_w.l(libshutdown2.o)
    0x080001ae   0x080001ae   0x00000000   Code   RO         1307    .ARM.Collect$$libshutdown$$00000004  c_w.l(libshutdown2.o)
    0x080001ae   0x080001ae   0x00000000   Code   RO         1310    .ARM.Collect$$libshutdown$$00000007  c_w.l(libshutdown2.o)
    0x080001ae   0x080001ae   0x00000000   Code   RO         1313    .ARM.Collect$$libshutdown$$0000000A  c_w.l(libshutdown2.o)
    0x080001ae   0x080001ae   0x00000000   Code   RO         1315    .ARM.Collect$$libshutdown$$0000000C  c_w.l(libshutdown2.o)
    0x080001ae   0x080001ae   0x00000000   Code   RO         1318    .ARM.Collect$$libshutdown$$0000000F  c_w.l(libshutdown2.o)
    0x080001ae   0x080001ae   0x00000002   Code   RO         1319    .ARM.Collect$$libshutdown$$00000010  c_w.l(libshutdown2.o)
    0x080001b0   0x080001b0   0x00000000   Code   RO         1149    .ARM.Collect$$rtentry$$00000000  c_w.l(__rtentry.o)
    0x080001b0   0x080001b0   0x00000000   Code   RO         1155    .ARM.Collect$$rtentry$$00000002  c_w.l(__rtentry2.o)
    0x080001b0   0x080001b0   0x00000006   Code   RO         1167    .ARM.Collect$$rtentry$$00000004  c_w.l(__rtentry4.o)
    0x080001b6   0x080001b6   0x00000000   Code   RO         1157    .ARM.Collect$$rtentry$$00000009  c_w.l(__rtentry2.o)
    0x080001b6   0x080001b6   0x00000004   Code   RO         1158    .ARM.Collect$$rtentry$$0000000A  c_w.l(__rtentry2.o)
    0x080001ba   0x080001ba   0x00000000   Code   RO         1160    .ARM.Collect$$rtentry$$0000000C  c_w.l(__rtentry2.o)
    0x080001ba   0x080001ba   0x00000008   Code   RO         1161    .ARM.Collect$$rtentry$$0000000D  c_w.l(__rtentry2.o)
    0x080001c2   0x080001c2   0x00000002   Code   RO         1188    .ARM.Collect$$rtexit$$00000000  c_w.l(rtexit.o)
    0x080001c4   0x080001c4   0x00000000   Code   RO         1248    .ARM.Collect$$rtexit$$00000002  c_w.l(rtexit2.o)
    0x080001c4   0x080001c4   0x00000004   Code   RO         1249    .ARM.Collect$$rtexit$$00000003  c_w.l(rtexit2.o)
    0x080001c8   0x080001c8   0x00000006   Code   RO         1250    .ARM.Collect$$rtexit$$00000004  c_w.l(rtexit2.o)
    0x080001ce   0x080001ce   0x00000002   PAD
    0x080001d0   0x080001d0   0x00000040   Code   RO            4    .text               startup_stm32l151xb.o
    0x08000210   0x08000210   0x000000f0   Code   RO         1137    .text               c_w.l(lludivv7m.o)
    0x08000300   0x08000300   0x00000024   Code   RO         1139    .text               c_w.l(strstr.o)
    0x08000324   0x08000324   0x0000003e   Code   RO         1141    .text               c_w.l(strlen.o)
    0x08000362   0x08000362   0x0000004e   Code   RO         1143    .text               c_w.l(rt_memclr_w.o)
    0x080003b0   0x080003b0   0x00000006   Code   RO         1145    .text               c_w.l(heapauxi.o)
    0x080003b6   0x080003b6   0x0000004a   Code   RO         1171    .text               c_w.l(sys_stackheap_outer.o)
    0x08000400   0x08000400   0x00000012   Code   RO         1173    .text               c_w.l(exit.o)
    0x08000412   0x08000412   0x00000002   PAD
    0x08000414   0x08000414   0x00000008   Code   RO         1185    .text               c_w.l(libspace.o)
    0x0800041c   0x0800041c   0x0000000c   Code   RO         1243    .text               c_w.l(sys_exit.o)
    0x08000428   0x08000428   0x00000002   Code   RO         1266    .text               c_w.l(use_no_semi.o)
    0x0800042a   0x0800042a   0x00000000   Code   RO         1268    .text               c_w.l(indicate_semi.o)
    0x0800042a   0x0800042a   0x00000002   PAD
    0x0800042c   0x0800042c   0x00000002   Code   RO           48    .text.BusFault_Handler  stm32l1xx_it.o
    0x0800042e   0x0800042e   0x00000002   PAD
    0x08000430   0x08000430   0x00000004   Code   RO          913    .text.CDC_Control_FS  usbd_cdc_if.o
    0x08000434   0x08000434   0x00000004   Code   RO          911    .text.CDC_DeInit_FS  usbd_cdc_if.o
    0x08000438   0x08000438   0x0000002c   Code   RO          909    .text.CDC_Init_FS   usbd_cdc_if.o
    0x08000464   0x08000464   0x00000060   Code   RO          915    .text.CDC_Receive_FS  usbd_cdc_if.o
    0x080004c4   0x080004c4   0x00000036   Code   RO          917    .text.CDC_Transmit_FS  usbd_cdc_if.o
    0x080004fa   0x080004fa   0x00000002   PAD
    0x080004fc   0x080004fc   0x00000002   Code   RO           54    .text.DebugMon_Handler  stm32l1xx_it.o
    0x080004fe   0x080004fe   0x00000002   PAD
    0x08000500   0x08000500   0x0000000a   Code   RO           19    .text.Error_Handler  main.o
    0x0800050a   0x0800050a   0x00000002   PAD
    0x0800050c   0x0800050c   0x0000004a   Code   RO          448    .text.HAL_DMA_Abort  stm32l1xx_hal_dma.o
    0x08000556   0x08000556   0x00000002   PAD
    0x08000558   0x08000558   0x00000058   Code   RO          450    .text.HAL_DMA_Abort_IT  stm32l1xx_hal_dma.o
    0x080005b0   0x080005b0   0x00000028   Code   RO          253    .text.HAL_Delay     stm32l1xx_hal.o
    0x080005d8   0x080005d8   0x000001a2   Code   RO          416    .text.HAL_GPIO_Init  stm32l1xx_hal_gpio.o
    0x0800077a   0x0800077a   0x00000002   PAD
    0x0800077c   0x0800077c   0x0000000a   Code   RO          422    .text.HAL_GPIO_WritePin  stm32l1xx_hal_gpio.o
    0x08000786   0x08000786   0x00000002   PAD
    0x08000788   0x08000788   0x0000000c   Code   RO          245    .text.HAL_GetTick   stm32l1xx_hal.o
    0x08000794   0x08000794   0x0000001a   Code   RO          243    .text.HAL_IncTick   stm32l1xx_hal.o
    0x080007ae   0x080007ae   0x00000002   PAD
    0x080007b0   0x080007b0   0x0000001e   Code   RO          233    .text.HAL_Init      stm32l1xx_hal.o
    0x080007ce   0x080007ce   0x00000002   PAD
    0x080007d0   0x080007d0   0x0000004c   Code   RO          235    .text.HAL_InitTick  stm32l1xx_hal.o
    0x0800081c   0x0800081c   0x0000004a   Code   RO           71    .text.HAL_MspInit   stm32l1xx_hal_msp.o
    0x08000866   0x08000866   0x00000002   PAD
    0x08000868   0x08000868   0x00000026   Code   RO          539    .text.HAL_NVIC_EnableIRQ  stm32l1xx_hal_cortex.o
    0x0800088e   0x0800088e   0x00000002   PAD
    0x08000890   0x08000890   0x00000056   Code   RO          537    .text.HAL_NVIC_SetPriority  stm32l1xx_hal_cortex.o
    0x080008e6   0x080008e6   0x00000002   PAD
    0x080008e8   0x080008e8   0x00000020   Code   RO          535    .text.HAL_NVIC_SetPriorityGrouping  stm32l1xx_hal_cortex.o
    0x08000908   0x08000908   0x0000003a   Code   RO          165    .text.HAL_PCDEx_PMAConfig  stm32l1xx_hal_pcd_ex.o
    0x08000942   0x08000942   0x00000002   PAD
    0x08000944   0x08000944   0x00000016   Code   RO          930    .text.HAL_PCDEx_SetConnectionState  usbd_conf.o
    0x0800095a   0x0800095a   0x00000002   PAD
    0x0800095c   0x0800095c   0x00000014   Code   RO          940    .text.HAL_PCD_DataInStageCallback  usbd_conf.o
    0x08000970   0x08000970   0x00000016   Code   RO          938    .text.HAL_PCD_DataOutStageCallback  usbd_conf.o
    0x08000986   0x08000986   0x00000002   PAD
    0x08000988   0x08000988   0x00000050   Code   RO          135    .text.HAL_PCD_EP_Close  stm32l1xx_hal_pcd.o
    0x080009d8   0x080009d8   0x00000064   Code   RO          145    .text.HAL_PCD_EP_ClrStall  stm32l1xx_hal_pcd.o
    0x08000a3c   0x08000a3c   0x00000012   Code   RO          139    .text.HAL_PCD_EP_GetRxCount  stm32l1xx_hal_pcd.o
    0x08000a4e   0x08000a4e   0x00000002   PAD
    0x08000a50   0x08000a50   0x00000060   Code   RO          133    .text.HAL_PCD_EP_Open  stm32l1xx_hal_pcd.o
    0x08000ab0   0x08000ab0   0x00000032   Code   RO          137    .text.HAL_PCD_EP_Receive  stm32l1xx_hal_pcd.o
    0x08000ae2   0x08000ae2   0x00000002   PAD
    0x08000ae4   0x08000ae4   0x00000066   Code   RO          143    .text.HAL_PCD_EP_SetStall  stm32l1xx_hal_pcd.o
    0x08000b4a   0x08000b4a   0x00000002   PAD
    0x08000b4c   0x08000b4c   0x00000036   Code   RO          141    .text.HAL_PCD_EP_Transmit  stm32l1xx_hal_pcd.o
    0x08000b82   0x08000b82   0x00000002   PAD
    0x08000b84   0x08000b84   0x00000926   Code   RO          101    .text.HAL_PCD_IRQHandler  stm32l1xx_hal_pcd.o
    0x080014aa   0x080014aa   0x00000002   PAD
    0x080014ac   0x080014ac   0x000000b2   Code   RO           89    .text.HAL_PCD_Init  stm32l1xx_hal_pcd.o
    0x0800155e   0x0800155e   0x00000002   PAD
    0x08001560   0x08001560   0x00000046   Code   RO          932    .text.HAL_PCD_MspInit  usbd_conf.o
    0x080015a6   0x080015a6   0x00000002   PAD
    0x080015a8   0x080015a8   0x00000024   Code   RO          944    .text.HAL_PCD_ResetCallback  usbd_conf.o
    0x080015cc   0x080015cc   0x00000008   Code   RO          948    .text.HAL_PCD_ResumeCallback  usbd_conf.o
    0x080015d4   0x080015d4   0x00000008   Code   RO          942    .text.HAL_PCD_SOFCallback  usbd_conf.o
    0x080015dc   0x080015dc   0x00000028   Code   RO          105    .text.HAL_PCD_SetAddress  stm32l1xx_hal_pcd.o
    0x08001604   0x08001604   0x0000000e   Code   RO          936    .text.HAL_PCD_SetupStageCallback  usbd_conf.o
    0x08001612   0x08001612   0x00000002   PAD
    0x08001614   0x08001614   0x00000032   Code   RO           97    .text.HAL_PCD_Start  stm32l1xx_hal_pcd.o
    0x08001646   0x08001646   0x00000002   PAD
    0x08001648   0x08001648   0x00000026   Code   RO          946    .text.HAL_PCD_SuspendCallback  usbd_conf.o
    0x0800166e   0x0800166e   0x00000002   PAD
    0x08001670   0x08001670   0x00000122   Code   RO          329    .text.HAL_RCCEx_PeriphCLKConfig  stm32l1xx_hal_rcc_ex.o
    0x08001792   0x08001792   0x00000002   PAD
    0x08001794   0x08001794   0x00000232   Code   RO          297    .text.HAL_RCC_ClockConfig  stm32l1xx_hal_rcc.o
    0x080019c6   0x080019c6   0x00000002   PAD
    0x080019c8   0x080019c8   0x00000026   Code   RO          309    .text.HAL_RCC_GetPCLK1Freq  stm32l1xx_hal_rcc.o
    0x080019ee   0x080019ee   0x00000002   PAD
    0x080019f0   0x080019f0   0x00000026   Code   RO          311    .text.HAL_RCC_GetPCLK2Freq  stm32l1xx_hal_rcc.o
    0x08001a16   0x08001a16   0x00000002   PAD
    0x08001a18   0x08001a18   0x00000570   Code   RO          295    .text.HAL_RCC_OscConfig  stm32l1xx_hal_rcc.o
    0x08001f88   0x08001f88   0x000000aa   Code   RO          691    .text.HAL_RTCEx_SetWakeUpTimer  stm32l1xx_hal_rtc_ex.o
    0x08002032   0x08002032   0x00000002   PAD
    0x08002034   0x08002034   0x000000ec   Code   RO          607    .text.HAL_RTC_Init  stm32l1xx_hal_rtc.o
    0x08002120   0x08002120   0x0000001e   Code   RO           73    .text.HAL_RTC_MspInit  stm32l1xx_hal_msp.o
    0x0800213e   0x0800213e   0x00000002   PAD
    0x08002140   0x08002140   0x0000014e   Code   RO          627    .text.HAL_RTC_SetDate  stm32l1xx_hal_rtc.o
    0x0800228e   0x0800228e   0x00000002   PAD
    0x08002290   0x08002290   0x00000192   Code   RO          619    .text.HAL_RTC_SetTime  stm32l1xx_hal_rtc.o
    0x08002422   0x08002422   0x00000002   PAD
    0x08002424   0x08002424   0x0000002c   Code   RO          547    .text.HAL_SYSTICK_Config  stm32l1xx_hal_cortex.o
    0x08002450   0x08002450   0x00000002   Code   RO          821    .text.HAL_UARTEx_RxEventCallback  stm32l1xx_hal_uart.o
    0x08002452   0x08002452   0x00000002   PAD
    0x08002454   0x08002454   0x00000002   Code   RO          819    .text.HAL_UART_ErrorCallback  stm32l1xx_hal_uart.o
    0x08002456   0x08002456   0x00000002   PAD
    0x08002458   0x08002458   0x00000560   Code   RO          813    .text.HAL_UART_IRQHandler  stm32l1xx_hal_uart.o
    0x080029b8   0x080029b8   0x00000060   Code   RO          735    .text.HAL_UART_Init  stm32l1xx_hal_uart.o
    0x08002a18   0x08002a18   0x00000078   Code   RO           77    .text.HAL_UART_MspInit  stm32l1xx_hal_msp.o
    0x08002a90   0x08002a90   0x000001b0   Code   RO          753    .text.HAL_UART_Receive  stm32l1xx_hal_uart.o
    0x08002c40   0x08002c40   0x00000002   Code   RO          827    .text.HAL_UART_RxCpltCallback  stm32l1xx_hal_uart.o
    0x08002c42   0x08002c42   0x00000002   PAD
    0x08002c44   0x08002c44   0x00000278   Code   RO          751    .text.HAL_UART_Transmit  stm32l1xx_hal_uart.o
    0x08002ebc   0x08002ebc   0x00000002   Code   RO          823    .text.HAL_UART_TxCpltCallback  stm32l1xx_hal_uart.o
    0x08002ebe   0x08002ebe   0x00000002   PAD
    0x08002ec0   0x08002ec0   0x00000002   Code   RO           44    .text.HardFault_Handler  stm32l1xx_it.o
    0x08002ec2   0x08002ec2   0x00000002   PAD
    0x08002ec4   0x08002ec4   0x00000072   Code   RO          873    .text.MX_USB_DEVICE_Init  usb_device.o
    0x08002f36   0x08002f36   0x00000002   PAD
    0x08002f38   0x08002f38   0x00000002   Code   RO           46    .text.MemManage_Handler  stm32l1xx_it.o
    0x08002f3a   0x08002f3a   0x00000002   PAD
    0x08002f3c   0x08002f3c   0x00000002   Code   RO           42    .text.NMI_Handler   stm32l1xx_it.o
    0x08002f3e   0x08002f3e   0x00000002   PAD
    0x08002f40   0x08002f40   0x00000002   Code   RO           56    .text.PendSV_Handler  stm32l1xx_it.o
    0x08002f42   0x08002f42   0x00000002   PAD
    0x08002f44   0x08002f44   0x0000009c   Code   RO           11    .text.SIM_Transmit  main.o
    0x08002fe0   0x08002fe0   0x00000002   Code   RO           52    .text.SVC_Handler   stm32l1xx_it.o
    0x08002fe2   0x08002fe2   0x00000002   PAD
    0x08002fe4   0x08002fe4   0x00000004   Code   RO           58    .text.SysTick_Handler  stm32l1xx_it.o
    0x08002fe8   0x08002fe8   0x000000a0   Code   RO           17    .text.SystemClock_Config  main.o
    0x08003088   0x08003088   0x00000002   Code   RO          857    .text.SystemInit    system_stm32l1xx.o
    0x0800308a   0x0800308a   0x00000002   PAD
    0x0800308c   0x0800308c   0x0000000c   Code   RO          817    .text.UART_DMAAbortOnError  stm32l1xx_hal_uart.o
    0x08003098   0x08003098   0x000000fe   Code   RO          815    .text.UART_Receive_IT  stm32l1xx_hal_uart.o
    0x08003196   0x08003196   0x00000002   PAD
    0x08003198   0x08003198   0x000000e8   Code   RO          739    .text.UART_SetConfig  stm32l1xx_hal_uart.o
    0x08003280   0x08003280   0x0000000c   Code   RO           62    .text.USART3_IRQHandler  stm32l1xx_it.o
    0x0800328c   0x0800328c   0x00000050   Code   RO         1101    .text.USBD_CDC_DataIn  usbd_cdc.o
    0x080032dc   0x080032dc   0x0000002e   Code   RO         1103    .text.USBD_CDC_DataOut  usbd_cdc.o
    0x0800330a   0x0800330a   0x00000002   PAD
    0x0800330c   0x0800330c   0x00000042   Code   RO         1095    .text.USBD_CDC_DeInit  usbd_cdc.o
    0x0800334e   0x0800334e   0x00000002   PAD
    0x08003350   0x08003350   0x00000028   Code   RO         1099    .text.USBD_CDC_EP0_RxReady  usbd_cdc.o
    0x08003378   0x08003378   0x00000010   Code   RO         1111    .text.USBD_CDC_GetDeviceQualifierDescriptor  usbd_cdc.o
    0x08003388   0x08003388   0x00000010   Code   RO         1107    .text.USBD_CDC_GetFSCfgDesc  usbd_cdc.o
    0x08003398   0x08003398   0x00000010   Code   RO         1105    .text.USBD_CDC_GetHSCfgDesc  usbd_cdc.o
    0x080033a8   0x080033a8   0x00000010   Code   RO         1109    .text.USBD_CDC_GetOtherSpeedCfgDesc  usbd_cdc.o
    0x080033b8   0x080033b8   0x00000082   Code   RO         1093    .text.USBD_CDC_Init  usbd_cdc.o
    0x0800343a   0x0800343a   0x00000002   PAD
    0x0800343c   0x0800343c   0x0000002a   Code   RO         1121    .text.USBD_CDC_ReceivePacket  usbd_cdc.o
    0x08003466   0x08003466   0x00000002   PAD
    0x08003468   0x08003468   0x0000000e   Code   RO         1113    .text.USBD_CDC_RegisterInterface  usbd_cdc.o
    0x08003476   0x08003476   0x00000002   PAD
    0x08003478   0x08003478   0x0000000c   Code   RO         1117    .text.USBD_CDC_SetRxBuffer  usbd_cdc.o
    0x08003484   0x08003484   0x00000010   Code   RO         1115    .text.USBD_CDC_SetTxBuffer  usbd_cdc.o
    0x08003494   0x08003494   0x000000f6   Code   RO         1097    .text.USBD_CDC_Setup  usbd_cdc.o
    0x0800358a   0x0800358a   0x00000002   PAD
    0x0800358c   0x0800358c   0x00000038   Code   RO         1119    .text.USBD_CDC_TransmitPacket  usbd_cdc.o
    0x080035c4   0x080035c4   0x0000000e   Code   RO         1016    .text.USBD_ClrClassConfig  usbd_core.o
    0x080035d2   0x080035d2   0x00000002   PAD
    0x080035d4   0x080035d4   0x00000010   Code   RO         1077    .text.USBD_CtlContinueRx  usbd_ioreq.o
    0x080035e4   0x080035e4   0x00000010   Code   RO         1073    .text.USBD_CtlContinueSendData  usbd_ioreq.o
    0x080035f4   0x080035f4   0x00000016   Code   RO         1052    .text.USBD_CtlError  usbd_ctlreq.o
    0x0800360a   0x0800360a   0x00000002   PAD
    0x0800360c   0x0800360c   0x0000001a   Code   RO         1075    .text.USBD_CtlPrepareRx  usbd_ioreq.o
    0x08003626   0x08003626   0x00000002   PAD
    0x08003628   0x08003628   0x00000016   Code   RO         1081    .text.USBD_CtlReceiveStatus  usbd_ioreq.o
    0x0800363e   0x0800363e   0x00000002   PAD
    0x08003640   0x08003640   0x0000001a   Code   RO         1071    .text.USBD_CtlSendData  usbd_ioreq.o
    0x0800365a   0x0800365a   0x00000002   PAD
    0x0800365c   0x0800365c   0x00000016   Code   RO         1079    .text.USBD_CtlSendStatus  usbd_ioreq.o
    0x08003672   0x08003672   0x00000002   PAD
    0x08003674   0x08003674   0x00000024   Code   RO          892    .text.USBD_FS_ConfigStrDescriptor  usbd_desc.o
    0x08003698   0x08003698   0x0000000e   Code   RO          882    .text.USBD_FS_DeviceDescriptor  usbd_desc.o
    0x080036a6   0x080036a6   0x00000002   PAD
    0x080036a8   0x080036a8   0x00000028   Code   RO          894    .text.USBD_FS_InterfaceStrDescriptor  usbd_desc.o
    0x080036d0   0x080036d0   0x0000000e   Code   RO          884    .text.USBD_FS_LangIDStrDescriptor  usbd_desc.o
    0x080036de   0x080036de   0x00000002   PAD
    0x080036e0   0x080036e0   0x0000002c   Code   RO          886    .text.USBD_FS_ManufacturerStrDescriptor  usbd_desc.o
    0x0800370c   0x0800370c   0x00000030   Code   RO          888    .text.USBD_FS_ProductStrDescriptor  usbd_desc.o
    0x0800373c   0x0800373c   0x00000084   Code   RO          890    .text.USBD_FS_SerialStrDescriptor  usbd_desc.o
    0x080037c0   0x080037c0   0x00000070   Code   RO         1060    .text.USBD_GetString  usbd_ctlreq.o
    0x08003830   0x08003830   0x00000030   Code   RO         1002    .text.USBD_Init     usbd_core.o
    0x08003860   0x08003860   0x00000022   Code   RO          974    .text.USBD_LL_ClearStallEP  usbd_conf.o
    0x08003882   0x08003882   0x00000002   PAD
    0x08003884   0x08003884   0x00000022   Code   RO          968    .text.USBD_LL_CloseEP  usbd_conf.o
    0x080038a6   0x080038a6   0x00000002   PAD
    0x080038a8   0x080038a8   0x000000c2   Code   RO         1022    .text.USBD_LL_DataInStage  usbd_core.o
    0x0800396a   0x0800396a   0x00000002   PAD
    0x0800396c   0x0800396c   0x00000086   Code   RO         1020    .text.USBD_LL_DataOutStage  usbd_core.o
    0x080039f2   0x080039f2   0x00000002   PAD
    0x080039f4   0x080039f4   0x00000008   Code   RO          984    .text.USBD_LL_GetRxDataSize  usbd_conf.o
    0x080039fc   0x080039fc   0x00000086   Code   RO          958    .text.USBD_LL_Init  usbd_conf.o
    0x08003a82   0x08003a82   0x00000002   PAD
    0x08003a84   0x08003a84   0x00000022   Code   RO          976    .text.USBD_LL_IsStallEP  usbd_conf.o
    0x08003aa6   0x08003aa6   0x00000002   PAD
    0x08003aa8   0x08003aa8   0x00000028   Code   RO          966    .text.USBD_LL_OpenEP  usbd_conf.o
    0x08003ad0   0x08003ad0   0x00000022   Code   RO          982    .text.USBD_LL_PrepareReceive  usbd_conf.o
    0x08003af2   0x08003af2   0x00000002   PAD
    0x08003af4   0x08003af4   0x00000054   Code   RO         1024    .text.USBD_LL_Reset  usbd_core.o
    0x08003b48   0x08003b48   0x0000000e   Code   RO         1030    .text.USBD_LL_Resume  usbd_core.o
    0x08003b56   0x08003b56   0x00000002   PAD
    0x08003b58   0x08003b58   0x0000001a   Code   RO         1032    .text.USBD_LL_SOF   usbd_core.o
    0x08003b72   0x08003b72   0x00000002   PAD
    0x08003b74   0x08003b74   0x00000008   Code   RO         1026    .text.USBD_LL_SetSpeed  usbd_core.o
    0x08003b7c   0x08003b7c   0x00000022   Code   RO          978    .text.USBD_LL_SetUSBAddress  usbd_conf.o
    0x08003b9e   0x08003b9e   0x00000002   PAD
    0x08003ba0   0x08003ba0   0x00000060   Code   RO         1018    .text.USBD_LL_SetupStage  usbd_core.o
    0x08003c00   0x08003c00   0x00000022   Code   RO          972    .text.USBD_LL_StallEP  usbd_conf.o
    0x08003c22   0x08003c22   0x00000002   PAD
    0x08003c24   0x08003c24   0x00000022   Code   RO          962    .text.USBD_LL_Start  usbd_conf.o
    0x08003c46   0x08003c46   0x00000002   PAD
    0x08003c48   0x08003c48   0x00000014   Code   RO         1028    .text.USBD_LL_Suspend  usbd_core.o
    0x08003c5c   0x08003c5c   0x00000022   Code   RO          980    .text.USBD_LL_Transmit  usbd_conf.o
    0x08003c7e   0x08003c7e   0x00000002   PAD
    0x08003c80   0x08003c80   0x00000016   Code   RO         1058    .text.USBD_ParseSetupRequest  usbd_ctlreq.o
    0x08003c96   0x08003c96   0x00000002   PAD
    0x08003c98   0x08003c98   0x0000000e   Code   RO         1006    .text.USBD_RegisterClass  usbd_core.o
    0x08003ca6   0x08003ca6   0x00000002   PAD
    0x08003ca8   0x08003ca8   0x0000001a   Code   RO         1014    .text.USBD_SetClassConfig  usbd_core.o
    0x08003cc2   0x08003cc2   0x00000002   PAD
    0x08003cc4   0x08003cc4   0x0000000a   Code   RO         1008    .text.USBD_Start    usbd_core.o
    0x08003cce   0x08003cce   0x00000002   PAD
    0x08003cd0   0x08003cd0   0x0000037e   Code   RO         1050    .text.USBD_StdDevReq  usbd_ctlreq.o
    0x0800404e   0x0800404e   0x00000002   PAD
    0x08004050   0x08004050   0x0000013c   Code   RO         1056    .text.USBD_StdEPReq  usbd_ctlreq.o
    0x0800418c   0x0800418c   0x00000072   Code   RO         1054    .text.USBD_StdItfReq  usbd_ctlreq.o
    0x080041fe   0x080041fe   0x00000002   PAD
    0x08004200   0x08004200   0x00000002   Code   RO          990    .text.USBD_static_free  usbd_conf.o
    0x08004202   0x08004202   0x00000002   PAD
    0x08004204   0x08004204   0x0000000a   Code   RO          988    .text.USBD_static_malloc  usbd_conf.o
    0x0800420e   0x0800420e   0x00000002   PAD
    0x08004210   0x08004210   0x0000024c   Code   RO          195    .text.USB_ActivateEndpoint  stm32l1xx_ll_usb.o
    0x0800445c   0x0800445c   0x000000e2   Code   RO          197    .text.USB_DeactivateEndpoint  stm32l1xx_ll_usb.o
    0x0800453e   0x0800453e   0x00000002   PAD
    0x08004540   0x08004540   0x00000004   Code   RO          213    .text.USB_DevConnect  stm32l1xx_ll_usb.o
    0x08004544   0x08004544   0x0000001a   Code   RO          189    .text.USB_DevInit   stm32l1xx_ll_usb.o
    0x0800455e   0x0800455e   0x00000002   PAD
    0x08004560   0x08004560   0x00000014   Code   RO          185    .text.USB_DisableGlobalInt  stm32l1xx_ll_usb.o
    0x08004574   0x08004574   0x0000007c   Code   RO          205    .text.USB_EPClearStall  stm32l1xx_ll_usb.o
    0x080045f0   0x080045f0   0x00000032   Code   RO          203    .text.USB_EPSetStall  stm32l1xx_ll_usb.o
    0x08004622   0x08004622   0x00000002   PAD
    0x08004624   0x08004624   0x0000083e   Code   RO          199    .text.USB_EPStartXfer  stm32l1xx_ll_usb.o
    0x08004e62   0x08004e62   0x00000002   PAD
    0x08004e64   0x08004e64   0x00000014   Code   RO          183    .text.USB_EnableGlobalInt  stm32l1xx_ll_usb.o
    0x08004e78   0x08004e78   0x0000000c   Code   RO           60    .text.USB_LP_IRQHandler  stm32l1xx_it.o
    0x08004e84   0x08004e84   0x00000006   Code   RO          217    .text.USB_ReadInterrupts  stm32l1xx_ll_usb.o
    0x08004e8a   0x08004e8a   0x00000002   PAD
    0x08004e8c   0x08004e8c   0x000000a0   Code   RO          223    .text.USB_ReadPMA   stm32l1xx_ll_usb.o
    0x08004f2c   0x08004f2c   0x0000000e   Code   RO          211    .text.USB_SetDevAddress  stm32l1xx_ll_usb.o
    0x08004f3a   0x08004f3a   0x00000002   PAD
    0x08004f3c   0x08004f3c   0x00000086   Code   RO          201    .text.USB_WritePMA  stm32l1xx_ll_usb.o
    0x08004fc2   0x08004fc2   0x00000002   PAD
    0x08004fc4   0x08004fc4   0x00000002   Code   RO           50    .text.UsageFault_Handler  stm32l1xx_it.o
    0x08004fc6   0x08004fc6   0x00000002   PAD
    0x08004fc8   0x08004fc8   0x00000214   Code   RO           15    .text.main          main.o
    0x080051dc   0x080051dc   0x00000010   Data   RO          863    .rodata.AHBPrescTable  system_stm32l1xx.o
    0x080051ec   0x080051ec   0x00000008   Data   RO          864    .rodata.APBPrescTable  system_stm32l1xx.o
    0x080051f4   0x080051f4   0x00000009   Data   RO          862    .rodata.PLLMulTable  system_stm32l1xx.o
    0x080051fd   0x080051fd   0x00000003   Data   RO           29    .rodata.str1.1      main.o
    0x08005200   0x08005200   0x00000020   Data   RO         1321    Region$$Table       anon$$obj.o


    Execution Region RW_IRAM1 (Exec base: 0x20000000, Load base: 0x08005220, Size: 0x00001bf0, Max: 0x00002800, ABSOLUTE, COMPRESSED[0x000000c0])

    Exec Addr    Load Addr    Size         Type   Attr      Idx    E Section Name        Object

    0x20000000   COMPRESSED   0x00000008   Data   RW          284    .data..L_MergedGlobals  stm32l1xx_hal.o
    0x20000008   COMPRESSED   0x0000001c   Data   RW          896    .data.FS_Desc       usbd_desc.o
    0x20000024   COMPRESSED   0x00000004   Data   RW          861    .data.SystemCoreClock  system_stm32l1xx.o
    0x20000028   COMPRESSED   0x00000038   Data   RW         1123    .data.USBD_CDC      usbd_cdc.o
    0x20000060   COMPRESSED   0x00000043   Data   RW         1125    .data.USBD_CDC_CfgFSDesc  usbd_cdc.o
    0x200000a3   COMPRESSED   0x00000001   PAD
    0x200000a4   COMPRESSED   0x00000043   Data   RW         1124    .data.USBD_CDC_CfgHSDesc  usbd_cdc.o
    0x200000e7   COMPRESSED   0x00000001   PAD
    0x200000e8   COMPRESSED   0x0000000a   Data   RW         1127    .data.USBD_CDC_DeviceQualifierDesc  usbd_cdc.o
    0x200000f2   COMPRESSED   0x00000002   PAD
    0x200000f4   COMPRESSED   0x00000043   Data   RW         1126    .data.USBD_CDC_OtherSpeedCfgDesc  usbd_cdc.o
    0x20000137   COMPRESSED   0x00000001   PAD
    0x20000138   COMPRESSED   0x00000012   Data   RW          897    .data.USBD_FS_DeviceDesc  usbd_desc.o
    0x2000014a   COMPRESSED   0x00000002   PAD
    0x2000014c   COMPRESSED   0x00000010   Data   RW          919    .data.USBD_Interface_fops_FS  usbd_cdc_if.o
    0x2000015c   COMPRESSED   0x00000004   Data   RW          898    .data.USBD_LangIDDesc  usbd_desc.o
    0x20000160   COMPRESSED   0x0000001a   Data   RW          899    .data.USBD_StringSerial  usbd_desc.o
    0x2000017a   COMPRESSED   0x00000006   PAD
    0x20000180        -       0x00000060   Zero   RW         1186    .bss                c_w.l(libspace.o)
    0x200001e0        -       0x00000068   Zero   RW           33    .bss..L_MergedGlobals  main.o
    0x20000248        -       0x000001f4   Zero   RW           28    .bss.RxBuff         main.o
    0x2000043c        -       0x00000001   Zero   RW         1062    .bss.USBD_SetConfig.cfgidx  usbd_ctlreq.o
    0x2000043d   COMPRESSED   0x00000003   PAD
    0x20000440        -       0x00000200   Zero   RW          900    .bss.USBD_StrDesc   usbd_desc.o
    0x20000640        -       0x00000220   Zero   RW          993    .bss.USBD_static_malloc.mem  usbd_conf.o
    0x20000860        -       0x00000400   Zero   RW          920    .bss.UserRxBufferFS  usbd_cdc_if.o
    0x20000c60        -       0x00000400   Zero   RW          921    .bss.UserTxBufferFS  usbd_cdc_if.o
    0x20001060        -       0x0000029c   Zero   RW          875    .bss.hUsbDeviceFS   usb_device.o
    0x200012fc        -       0x000002ec   Zero   RW          992    .bss.hpcd_USB_FS    usbd_conf.o
    0x200015e8        -       0x00000004   Zero   RW          283    .bss.uwTick         stm32l1xx_hal.o
    0x200015ec   COMPRESSED   0x00000004   PAD
    0x200015f0        -       0x00000200   Zero   RW            2    HEAP                startup_stm32l151xb.o
    0x200017f0        -       0x00000400   Zero   RW            1    STACK               startup_stm32l151xb.o


==============================================================================

Image component sizes


      Code (inc. data)   RO Data    RW Data    ZI Data      Debug   Object Name

       858         88          3          0        604       8981   main.o
        64         26        244          0       1536        796   startup_stm32l151xb.o
       184          0          0          8          4       5723   stm32l1xx_hal.o
       200          0          0          0          0       9724   stm32l1xx_hal_cortex.o
       162          0          0          0          0       7530   stm32l1xx_hal_dma.o
       428          0          0          0          0       4465   stm32l1xx_hal_gpio.o
       224          0          0          0          0       7166   stm32l1xx_hal_msp.o
      3110          0          0          0          0      16181   stm32l1xx_hal_pcd.o
        58          0          0          0          0       4029   stm32l1xx_hal_pcd_ex.o
      2030          6          0          0          0       9158   stm32l1xx_hal_rcc.o
       290          0          0          0          0       3012   stm32l1xx_hal_rcc_ex.o
       972          0          0          0          0      15310   stm32l1xx_hal_rtc.o
       170          0          0          0          0      11534   stm32l1xx_hal_rtc_ex.o
      3042          0          0          0          0      31656   stm32l1xx_hal_uart.o
        44          0          0          0          0       5865   stm32l1xx_it.o
      3482          4          0          0          0      20978   stm32l1xx_ll_usb.o
         2          0         33          4          0       1917   system_stm32l1xx.o
       114          0          0          0        668       2913   usb_device.o
       812          0          0        267          0      10375   usbd_cdc.o
       202          0          0         16       2048       4760   usbd_cdc_if.o
       704          0          0          0       1292      16326   usbd_conf.o
       688          0          0          0          0       7506   usbd_core.o
      1480         24          0          0          1       8784   usbd_ctlreq.o
       328         72          0         76        512       3651   usbd_desc.o
       128          0          0          0          0       4401   usbd_ioreq.o

    ----------------------------------------------------------------------
     19952        220        312        380       6676     222741   Object Totals
         0          0         32          0          0          0   (incl. Generated)
       176          0          0          9         11          0   (incl. Padding)

    ----------------------------------------------------------------------

      Code (inc. data)   RO Data    RW Data    ZI Data      Debug   Library Member Name

        90          0          0          0          0          0   __dczerorl2.o
         8          0          0          0          0         68   __main.o
         0          0          0          0          0          0   __rtentry.o
        12          0          0          0          0          0   __rtentry2.o
         6          0          0          0          0          0   __rtentry4.o
        52          8          0          0          0          0   __scatter.o
        28          0          0          0          0          0   __scatter_zi.o
        18          0          0          0          0         80   exit.o
         6          0          0          0          0        152   heapauxi.o
         0          0          0          0          0          0   indicate_semi.o
         2          0          0          0          0          0   libinit.o
         2          0          0          0          0          0   libinit2.o
         2          0          0          0          0          0   libshutdown.o
         2          0          0          0          0          0   libshutdown2.o
         8          4          0          0         96         68   libspace.o
       240          0          0          0          0        100   lludivv7m.o
        78          0          0          0          0         80   rt_memclr_w.o
         2          0          0          0          0          0   rtexit.o
        10          0          0          0          0          0   rtexit2.o
        62          0          0          0          0         76   strlen.o
        36          0          0          0          0         80   strstr.o
        12          4          0          0          0         68   sys_exit.o
        74          0          0          0          0         80   sys_stackheap_outer.o
         2          0          0          0          0         68   use_no_semi.o

    ----------------------------------------------------------------------
       760         16          0          0         96        920   Library Totals
         8          0          0          0          0          0   (incl. Padding)

    ----------------------------------------------------------------------

      Code (inc. data)   RO Data    RW Data    ZI Data      Debug   Library Name

       752         16          0          0         96        920   c_w.l

    ----------------------------------------------------------------------
       760         16          0          0         96        920   Library Totals

    ----------------------------------------------------------------------

==============================================================================


      Code (inc. data)   RO Data    RW Data    ZI Data      Debug   

     20712        236        312        380       6772     222885   Grand Totals
     20712        236        312        192       6772     222885   ELF Image Totals (compressed)
     20712        236        312        192          0          0   ROM Totals

==============================================================================

    Total RO  Size (Code + RO Data)                21024 (  20.53kB)
    Total RW  Size (RW Data + ZI Data)              7152 (   6.98kB)
    Total ROM Size (Code + RO Data + RW Data)      21216 (  20.72kB)

==============================================================================

