<html>
<body>
<pre>
<h1>µVision Build Log</h1>
<h2>Tool Versions:</h2>
IDE-Version: µVision V5.38.0.0
Copyright (C) 2022 ARM Ltd and ARM Germany GmbH. All rights reserved.
License Information: Kevin Hoang, home, LIC=32B1Q-N3VPV-SB6EJ-U7KNA-9EMB9-L6HGK
 
Tool Versions:
Toolchain:       MDK-ARM Plus  Version: 5.38.0.0
Toolchain Path:  C:\Keil_v5\ARM\ARMCLANG\Bin
C Compiler:      ArmClang.exe V6.19
Assembler:       Armasm.exe V6.19
Linker/Locator:  ArmLink.exe V6.19
Library Manager: ArmAr.exe V6.19
Hex Converter:   FromElf.exe V6.19
CPU DLL:         SARMCM3.DLL V5.38.0.0
Dialog DLL:      DCM.DLL V1.17.5.0
Target DLL:      STLink\ST-LINKIII-KEIL_SWO.dll V3.1.0.0
Dialog DLL:      TCM.DLL V1.56.4.0
 
<h2>Project:</h2>
D:\Workspace\Embedded\Firmware\NB-IoT_BME680\MDK-ARM\NB-IoT_BME680.uvprojx
Project File Date:  11/26/2023

<h2>Output:</h2>
*** Using Compiler 'V6.19', folder: 'C:\Keil_v5\ARM\ARMCLANG\Bin'
Build target 'NB-IoT_BME680'
compiling main.c...
linking...
Program Size: Code=20712 RO-data=312 RW-data=380 ZI-data=6772  
FromELF: creating hex file...
"NB-IoT_BME680\NB-IoT_BME680.axf" - 0 Error(s), 0 Warning(s).

<h2>Software Packages used:</h2>

Package Vendor: ARM
                http://www.keil.com/pack/ARM.CMSIS.5.9.0.pack
                ARM.CMSIS.5.9.0
                CMSIS (Common Microcontroller Software Interface Standard)
   * Component: CORE Version: 5.6.0

Package Vendor: Keil
                http://www.keil.com/pack/Keil.STM32L1xx_DFP.1.4.1.pack
                Keil.STM32L1xx_DFP.1.4.1
                STMicroelectronics STM32L1 Series Device Support and Examples

<h2>Collection of Component include folders:</h2>
  ./RTE/_NB-IoT_BME680
  C:/Users/Razer/AppData/Local/Arm/Packs/ARM/CMSIS/5.9.0/CMSIS/Core/Include
  C:/Users/Razer/AppData/Local/Arm/Packs/Keil/STM32L1xx_DFP/1.4.1/Drivers/CMSIS/Device/ST/STM32L1xx/Include

<h2>Collection of Component Files used:</h2>

   * Component: ARM::CMSIS:CORE:5.6.0
      Include file:  CMSIS/Core/Include/tz_context.h
Build Time Elapsed:  00:00:01
</pre>
</body>
</html>
